C:/Users/prysi/Documents/STM32/x-cube-tcpp-main/Utilities/GUI_INTERFACE/data_struct_tlv.c:36:9:TLV_init_encode	24	static
C:/Users/prysi/Documents/STM32/x-cube-tcpp-main/Utilities/GUI_INTERFACE/data_struct_tlv.c:84:10:TLV_add	32	static
C:/Users/prysi/Documents/STM32/x-cube-tcpp-main/Utilities/GUI_INTERFACE/data_struct_tlv.c:138:10:TLV_addValue	32	static
C:/Users/prysi/Documents/STM32/x-cube-tcpp-main/Utilities/GUI_INTERFACE/data_struct_tlv.c:183:6:TLV_UpdateSizeTag	16	static
C:/Users/prysi/Documents/STM32/x-cube-tcpp-main/Utilities/GUI_INTERFACE/data_struct_tlv.c:197:6:TLV_deinit_encode	16	static
C:/Users/prysi/Documents/STM32/x-cube-tcpp-main/Utilities/GUI_INTERFACE/data_struct_tlv.c:212:9:TLV_init_decode	16	static
C:/Users/prysi/Documents/STM32/x-cube-tcpp-main/Utilities/GUI_INTERFACE/data_struct_tlv.c:245:9:TLV_get	24	static
C:/Users/prysi/Documents/STM32/x-cube-tcpp-main/Utilities/GUI_INTERFACE/data_struct_tlv.c:284:6:TLV_deinit_decode	16	static
C:/Users/prysi/Documents/STM32/x-cube-tcpp-main/Utilities/GUI_INTERFACE/data_struct_tlv.c:297:10:TLV_get_string_length	24	static
