C:/Users/prysi/Documents/STM32/x-cube-tcpp-main/Utilities/GUI_INTERFACE/gui_api.c:629:23:GUI_Init	32	static
C:/Users/prysi/Documents/STM32/x-cube-tcpp-main/Utilities/GUI_INTERFACE/gui_api.c:681:10:GUI_InitOS	56	static
C:/Users/prysi/Documents/STM32/x-cube-tcpp-main/Utilities/GUI_INTERFACE/gui_api.c:711:6:GUI_Reset	8	static
C:/Users/prysi/Documents/STM32/x-cube-tcpp-main/Utilities/GUI_INTERFACE/gui_api.c:716:6:GUI_Start	8	static
C:/Users/prysi/Documents/STM32/x-cube-tcpp-main/Utilities/GUI_INTERFACE/gui_api.c:728:1:TaskGUI	48	static
C:/Users/prysi/Documents/STM32/x-cube-tcpp-main/Utilities/GUI_INTERFACE/gui_api.c:811:17:CheckGUITimers	24	static
C:/Users/prysi/Documents/STM32/x-cube-tcpp-main/Utilities/GUI_INTERFACE/gui_api.c:833:6:GUI_TimerCounter	4	static
C:/Users/prysi/Documents/STM32/x-cube-tcpp-main/Utilities/GUI_INTERFACE/gui_api.c:872:6:GUI_CALLBACK_RX	24	static,ignoring_inline_asm
C:/Users/prysi/Documents/STM32/x-cube-tcpp-main/Utilities/GUI_INTERFACE/gui_api.c:897:10:GUI_RXProcess	40	static
C:/Users/prysi/Documents/STM32/x-cube-tcpp-main/Utilities/GUI_INTERFACE/gui_api.c:957:10:GUI_FormatAndSendNotification	40	static
C:/Users/prysi/Documents/STM32/x-cube-tcpp-main/Utilities/GUI_INTERFACE/gui_api.c:976:10:GUI_GetMessage	24	static
C:/Users/prysi/Documents/STM32/x-cube-tcpp-main/Utilities/GUI_INTERFACE/gui_api.c:1101:17:GUI_SendAnswer	24	static
C:/Users/prysi/Documents/STM32/x-cube-tcpp-main/Utilities/GUI_INTERFACE/gui_api.c:1213:17:GUI_SendNotification	160	static
C:/Users/prysi/Documents/STM32/x-cube-tcpp-main/Utilities/GUI_INTERFACE/gui_api.c:1587:6:GUI_PostNotificationMessage	24	static
C:/Users/prysi/Documents/STM32/x-cube-tcpp-main/Utilities/GUI_INTERFACE/gui_api.c:1621:23:GUI_IsRunning	4	static
C:/Users/prysi/Documents/STM32/x-cube-tcpp-main/Utilities/GUI_INTERFACE/gui_api.c:1634:6:GUI_SaveInfo	48	static
C:/Users/prysi/Documents/STM32/x-cube-tcpp-main/Utilities/GUI_INTERFACE/gui_api.c:1793:6:GUI_RegisterCallback_FreeText	16	static
C:/Users/prysi/Documents/STM32/x-cube-tcpp-main/Utilities/GUI_INTERFACE/gui_api.c:1811:13:Send_DpmInitCnf	72	static
C:/Users/prysi/Documents/STM32/x-cube-tcpp-main/Utilities/GUI_INTERFACE/gui_api.c:1938:13:Request_MessageReq	72	static
C:/Users/prysi/Documents/STM32/x-cube-tcpp-main/Utilities/GUI_INTERFACE/gui_api.c:2424:13:Send_DpmConfigSetCnf	360	static
C:/Users/prysi/Documents/STM32/x-cube-tcpp-main/Utilities/GUI_INTERFACE/gui_api.c:2704:13:Send_DpmConfigGetCnf	88	static
C:/Users/prysi/Documents/STM32/x-cube-tcpp-main/Utilities/GUI_INTERFACE/gui_api.c:3074:13:Send_DpmConfigGetRej	32	static
C:/Users/prysi/Documents/STM32/x-cube-tcpp-main/Utilities/GUI_INTERFACE/gui_api.c:3083:13:Send_DpmMessageRej	32	static
C:/Users/prysi/Documents/STM32/x-cube-tcpp-main/Utilities/GUI_INTERFACE/gui_api.c:3092:13:Send_DpmRegisterReadCnf	80	static
C:/Users/prysi/Documents/STM32/x-cube-tcpp-main/Utilities/GUI_INTERFACE/gui_api.c:3257:13:Send_DpmRegisterWriteCnf	56	static
C:/Users/prysi/Documents/STM32/x-cube-tcpp-main/Utilities/GUI_INTERFACE/gui_api.c:3409:28:Manage_FreeText	24	static
C:/Users/prysi/Documents/STM32/x-cube-tcpp-main/Utilities/GUI_INTERFACE/gui_api.c:3427:13:UpdateSNKPowerPort0	40	static
