C:/Users/prysi/Documents/STM32/x-cube-tcpp-main/Drivers/BSP/X-NUCLEO-DRP1M1/drp1m1_bus.c:222:26:MX_I2C_Init	16	static
C:/Users/prysi/Documents/STM32/x-cube-tcpp-main/Drivers/BSP/X-NUCLEO-DRP1M1/drp1m1_bus.c:269:9:BSP_I2C_Init	16	static
C:/Users/prysi/Documents/STM32/x-cube-tcpp-main/Drivers/BSP/X-NUCLEO-DRP1M1/drp1m1_bus.c:298:9:BSP_I2C_DeInit	16	static
C:/Users/prysi/Documents/STM32/x-cube-tcpp-main/Drivers/BSP/X-NUCLEO-DRP1M1/drp1m1_bus.c:321:9:BSP_I2C_IsReady	24	static
C:/Users/prysi/Documents/STM32/x-cube-tcpp-main/Drivers/BSP/X-NUCLEO-DRP1M1/drp1m1_bus.c:345:9:BSP_I2C_WriteReg	48	static
C:/Users/prysi/Documents/STM32/x-cube-tcpp-main/Drivers/BSP/X-NUCLEO-DRP1M1/drp1m1_bus.c:377:9:BSP_I2C_ReadReg	48	static
C:/Users/prysi/Documents/STM32/x-cube-tcpp-main/Drivers/BSP/X-NUCLEO-DRP1M1/drp1m1_bus.c:409:9:BSP_I2C_WriteReg16	48	static
C:/Users/prysi/Documents/STM32/x-cube-tcpp-main/Drivers/BSP/X-NUCLEO-DRP1M1/drp1m1_bus.c:441:9:BSP_I2C_ReadReg16	48	static
C:/Users/prysi/Documents/STM32/x-cube-tcpp-main/Drivers/BSP/X-NUCLEO-DRP1M1/drp1m1_bus.c:530:9:BSP_GetTick	8	static
C:/Users/prysi/Documents/STM32/x-cube-tcpp-main/Drivers/BSP/X-NUCLEO-DRP1M1/drp1m1_bus.c:548:13:I2C_MspInit	136	static
C:/Users/prysi/Documents/STM32/x-cube-tcpp-main/Drivers/BSP/X-NUCLEO-DRP1M1/drp1m1_bus.c:593:13:I2C_MspDeInit	40	static
C:/Users/prysi/Documents/STM32/x-cube-tcpp-main/Drivers/BSP/X-NUCLEO-DRP1M1/drp1m1_bus.c:621:17:I2C_GetTiming	32	static
C:/Users/prysi/Documents/STM32/x-cube-tcpp-main/Drivers/BSP/X-NUCLEO-DRP1M1/drp1m1_bus.c:660:13:Compute_PRESC_SCLDEL_SDADEL	56	static
C:/Users/prysi/Documents/STM32/x-cube-tcpp-main/Drivers/BSP/X-NUCLEO-DRP1M1/drp1m1_bus.c:732:17:Compute_SCLL_SCLH	80	static
