../../../../../../../Drivers/CMSIS/Include/core_cm4.h:1679:22:__NVIC_EnableIRQ	16	static,ignoring_inline_asm
../../../../../../../Drivers/CMSIS/Include/core_cm4.h:1809:22:__NVIC_SetPriority	16	static
../../../../../../../Drivers/STM32G4xx_HAL_Driver/Inc/stm32g4xx_ll_adc.h:2662:26:LL_ADC_DMA_GetRegAddr	24	static
../../../../../../../Drivers/STM32G4xx_HAL_Driver/Inc/stm32g4xx_ll_adc.h:3525:22:LL_ADC_SetGainCompensation	16	static
../../../../../../../Drivers/STM32G4xx_HAL_Driver/Inc/stm32g4xx_ll_adc.h:4091:22:LL_ADC_REG_SetSequencerRanks	32	static
../../../../../../../Drivers/STM32G4xx_HAL_Driver/Inc/stm32g4xx_ll_adc.h:4290:22:LL_ADC_REG_SetDMATransfer	16	static
../../../../../../../Drivers/STM32G4xx_HAL_Driver/Inc/stm32g4xx_ll_adc.h:4325:26:LL_ADC_REG_GetDMATransfer	16	static
../../../../../../../Drivers/STM32G4xx_HAL_Driver/Inc/stm32g4xx_ll_adc.h:5330:22:LL_ADC_SetChannelSamplingTime	32	static
../../../../../../../Drivers/STM32G4xx_HAL_Driver/Inc/stm32g4xx_ll_adc.h:5495:22:LL_ADC_SetChannelSingleDiff	24	static
../../../../../../../Drivers/STM32G4xx_HAL_Driver/Inc/stm32g4xx_ll_adc.h:6177:22:LL_ADC_SetOverSamplingScope	16	static
../../../../../../../Drivers/STM32G4xx_HAL_Driver/Inc/stm32g4xx_ll_adc.h:6606:22:LL_ADC_DisableDeepPowerDown	16	static
../../../../../../../Drivers/STM32G4xx_HAL_Driver/Inc/stm32g4xx_ll_adc.h:6639:22:LL_ADC_EnableInternalRegulator	16	static
../../../../../../../Drivers/STM32G4xx_HAL_Driver/Inc/stm32g4xx_ll_adc.h:6690:22:LL_ADC_Enable	16	static
../../../../../../../Drivers/STM32G4xx_HAL_Driver/Inc/stm32g4xx_ll_adc.h:6729:26:LL_ADC_IsEnabled	16	static
../../../../../../../Drivers/STM32G4xx_HAL_Driver/Inc/stm32g4xx_ll_adc.h:6784:26:LL_ADC_IsCalibrationOnGoing	16	static
../../../../../../../Drivers/STM32G4xx_HAL_Driver/Inc/stm32g4xx_ll_adc.h:6815:22:LL_ADC_REG_StartConversion	16	static
../../../../../../../Drivers/STM32G4xx_HAL_Driver/Inc/stm32g4xx_ll_adc.h:7243:26:LL_ADC_IsActiveFlag_ADRDY	16	static
../../../../../../../Drivers/STM32G4xx_HAL_Driver/Inc/stm32g4xx_ll_dma.h:517:22:LL_DMA_EnableChannel	24	static
../../../../../../../Drivers/STM32G4xx_HAL_Driver/Inc/stm32g4xx_ll_dma.h:628:22:LL_DMA_SetDataTransferDirection	32	static
../../../../../../../Drivers/STM32G4xx_HAL_Driver/Inc/stm32g4xx_ll_dma.h:683:22:LL_DMA_SetMode	32	static
../../../../../../../Drivers/STM32G4xx_HAL_Driver/Inc/stm32g4xx_ll_dma.h:734:22:LL_DMA_SetPeriphIncMode	32	static
../../../../../../../Drivers/STM32G4xx_HAL_Driver/Inc/stm32g4xx_ll_dma.h:785:22:LL_DMA_SetMemoryIncMode	32	static
../../../../../../../Drivers/STM32G4xx_HAL_Driver/Inc/stm32g4xx_ll_dma.h:837:22:LL_DMA_SetPeriphSize	32	static
../../../../../../../Drivers/STM32G4xx_HAL_Driver/Inc/stm32g4xx_ll_dma.h:890:22:LL_DMA_SetMemorySize	32	static
../../../../../../../Drivers/STM32G4xx_HAL_Driver/Inc/stm32g4xx_ll_dma.h:944:22:LL_DMA_SetChannelPriorityLevel	32	static
../../../../../../../Drivers/STM32G4xx_HAL_Driver/Inc/stm32g4xx_ll_dma.h:997:22:LL_DMA_SetDataLength	32	static
../../../../../../../Drivers/STM32G4xx_HAL_Driver/Inc/stm32g4xx_ll_dma.h:1054:22:LL_DMA_ConfigAddresses	32	static
../../../../../../../Drivers/STM32G4xx_HAL_Driver/Inc/stm32g4xx_ll_dma.h:1406:22:LL_DMA_SetPeriphRequest	32	static
../../../../../../../Drivers/STM32G4xx_HAL_Driver/Inc/stm32g4xx_ll_bus.h:243:22:LL_AHB1_GRP1_EnableClock	24	static
../../../../../../../Drivers/STM32G4xx_HAL_Driver/Inc/stm32g4xx_ll_bus.h:451:22:LL_AHB2_GRP1_EnableClock	24	static
../../../../../../../Drivers/STM32G4xx_HAL_Driver/Inc/stm32g4xx_ll_gpio.h:285:22:LL_GPIO_SetPinMode	48	static,ignoring_inline_asm
../../../../../../../Drivers/STM32G4xx_HAL_Driver/Inc/stm32g4xx_ll_gpio.h:354:22:LL_GPIO_SetPinOutputType	24	static
../../../../../../../Drivers/STM32G4xx_HAL_Driver/Inc/stm32g4xx_ll_gpio.h:425:22:LL_GPIO_SetPinSpeed	48	static,ignoring_inline_asm
../../../../../../../Drivers/STM32G4xx_HAL_Driver/Inc/stm32g4xx_ll_gpio.h:496:22:LL_GPIO_SetPinPull	48	static,ignoring_inline_asm
../../../../../../../Drivers/STM32G4xx_HAL_Driver/Inc/stm32g4xx_ll_gpio.h:894:22:LL_GPIO_SetOutputPin	16	static
../../../../../../../Drivers/STM32G4xx_HAL_Driver/Inc/stm32g4xx_ll_gpio.h:923:22:LL_GPIO_ResetOutputPin	16	static
../../../../../../../Drivers/STM32G4xx_HAL_Driver/Inc/stm32g4xx_ll_rcc.h:1694:22:LL_RCC_SetADCClockSource	16	static
../../../../../../../Drivers/STM32G4xx_HAL_Driver/Inc/stm32g4xx_ll_exti.h:312:22:LL_EXTI_EnableIT_0_31	16	static
../../../../../../../Drivers/STM32G4xx_HAL_Driver/Inc/stm32g4xx_ll_exti.h:968:22:LL_EXTI_EnableFallingTrig_0_31	16	static
../../../../../../../Drivers/STM32G4xx_HAL_Driver/Inc/stm32g4xx_ll_system.h:713:22:LL_SYSCFG_SetEXTISource	32	static,ignoring_inline_asm
C:/Users/prysi/Documents/STM32/x-cube-tcpp-main/Drivers/BSP/X-NUCLEO-DRP1M1/drp1m1_usbpd_pwr.c:182:9:BSP_USBPD_PWR_Init	32	static
C:/Users/prysi/Documents/STM32/x-cube-tcpp-main/Drivers/BSP/X-NUCLEO-DRP1M1/drp1m1_usbpd_pwr.c:251:9:BSP_USBPD_PWR_Deinit	32	static
C:/Users/prysi/Documents/STM32/x-cube-tcpp-main/Drivers/BSP/X-NUCLEO-DRP1M1/drp1m1_usbpd_pwr.c:298:9:BSP_USBPD_PWR_SetRole	40	static
C:/Users/prysi/Documents/STM32/x-cube-tcpp-main/Drivers/BSP/X-NUCLEO-DRP1M1/drp1m1_usbpd_pwr.c:362:9:BSP_USBPD_PWR_SetPowerMode	40	static
C:/Users/prysi/Documents/STM32/x-cube-tcpp-main/Drivers/BSP/X-NUCLEO-DRP1M1/drp1m1_usbpd_pwr.c:480:9:BSP_USBPD_PWR_GetPowerMode	32	static
C:/Users/prysi/Documents/STM32/x-cube-tcpp-main/Drivers/BSP/X-NUCLEO-DRP1M1/drp1m1_usbpd_pwr.c:508:9:BSP_USBPD_PWR_VBUSInit	32	static
C:/Users/prysi/Documents/STM32/x-cube-tcpp-main/Drivers/BSP/X-NUCLEO-DRP1M1/drp1m1_usbpd_pwr.c:554:9:BSP_USBPD_PWR_VBUSDeInit	40	static
C:/Users/prysi/Documents/STM32/x-cube-tcpp-main/Drivers/BSP/X-NUCLEO-DRP1M1/drp1m1_usbpd_pwr.c:612:9:BSP_USBPD_PWR_VBUSOn	40	static
C:/Users/prysi/Documents/STM32/x-cube-tcpp-main/Drivers/BSP/X-NUCLEO-DRP1M1/drp1m1_usbpd_pwr.c:673:9:BSP_USBPD_PWR_VBUSOff	48	static
C:/Users/prysi/Documents/STM32/x-cube-tcpp-main/Drivers/BSP/X-NUCLEO-DRP1M1/drp1m1_usbpd_pwr.c:736:9:BSP_USBPD_PWR_VBUSIsOn	32	static
C:/Users/prysi/Documents/STM32/x-cube-tcpp-main/Drivers/BSP/X-NUCLEO-DRP1M1/drp1m1_usbpd_pwr.c:778:9:BSP_USBPD_PWR_VBUSSetVoltage_Fixed	32	static
C:/Users/prysi/Documents/STM32/x-cube-tcpp-main/Drivers/BSP/X-NUCLEO-DRP1M1/drp1m1_usbpd_pwr.c:808:9:BSP_USBPD_PWR_VBUSSetVoltage_Variable	32	static
C:/Users/prysi/Documents/STM32/x-cube-tcpp-main/Drivers/BSP/X-NUCLEO-DRP1M1/drp1m1_usbpd_pwr.c:843:9:BSP_USBPD_PWR_VBUSSetVoltage_Battery	32	static
C:/Users/prysi/Documents/STM32/x-cube-tcpp-main/Drivers/BSP/X-NUCLEO-DRP1M1/drp1m1_usbpd_pwr.c:881:9:BSP_USBPD_PWR_VBUSSetVoltage_APDO	32	static
C:/Users/prysi/Documents/STM32/x-cube-tcpp-main/Drivers/BSP/X-NUCLEO-DRP1M1/drp1m1_usbpd_pwr.c:913:9:BSP_USBPD_PWR_SetVBUSDisconnectionThreshold	24	static
C:/Users/prysi/Documents/STM32/x-cube-tcpp-main/Drivers/BSP/X-NUCLEO-DRP1M1/drp1m1_usbpd_pwr.c:943:9:BSP_USBPD_PWR_RegisterVBUSDetectCallback	24	static
C:/Users/prysi/Documents/STM32/x-cube-tcpp-main/Drivers/BSP/X-NUCLEO-DRP1M1/drp1m1_usbpd_pwr.c:969:9:BSP_USBPD_PWR_VBUSGetVoltage	24	static
C:/Users/prysi/Documents/STM32/x-cube-tcpp-main/Drivers/BSP/X-NUCLEO-DRP1M1/drp1m1_usbpd_pwr.c:998:9:BSP_USBPD_PWR_VBUSGetCurrent	32	static
C:/Users/prysi/Documents/STM32/x-cube-tcpp-main/Drivers/BSP/X-NUCLEO-DRP1M1/drp1m1_usbpd_pwr.c:1026:9:BSP_USBPD_PWR_VBUSDischargeOn	40	static
C:/Users/prysi/Documents/STM32/x-cube-tcpp-main/Drivers/BSP/X-NUCLEO-DRP1M1/drp1m1_usbpd_pwr.c:1063:9:BSP_USBPD_PWR_VBUSDischargeOff	40	static
C:/Users/prysi/Documents/STM32/x-cube-tcpp-main/Drivers/BSP/X-NUCLEO-DRP1M1/drp1m1_usbpd_pwr.c:1096:9:BSP_USBPD_PWR_VCONNInit	40	static
C:/Users/prysi/Documents/STM32/x-cube-tcpp-main/Drivers/BSP/X-NUCLEO-DRP1M1/drp1m1_usbpd_pwr.c:1142:9:BSP_USBPD_PWR_VCONNDeInit	40	static
C:/Users/prysi/Documents/STM32/x-cube-tcpp-main/Drivers/BSP/X-NUCLEO-DRP1M1/drp1m1_usbpd_pwr.c:1190:9:BSP_USBPD_PWR_VCONNOn	32	static
C:/Users/prysi/Documents/STM32/x-cube-tcpp-main/Drivers/BSP/X-NUCLEO-DRP1M1/drp1m1_usbpd_pwr.c:1236:9:BSP_USBPD_PWR_VCONNOff	32	static
C:/Users/prysi/Documents/STM32/x-cube-tcpp-main/Drivers/BSP/X-NUCLEO-DRP1M1/drp1m1_usbpd_pwr.c:1290:9:BSP_USBPD_PWR_VCONNIsOn	40	static
C:/Users/prysi/Documents/STM32/x-cube-tcpp-main/Drivers/BSP/X-NUCLEO-DRP1M1/drp1m1_usbpd_pwr.c:1333:9:BSP_USBPD_PWR_VCONNDischargeOn	40	static
C:/Users/prysi/Documents/STM32/x-cube-tcpp-main/Drivers/BSP/X-NUCLEO-DRP1M1/drp1m1_usbpd_pwr.c:1370:9:BSP_USBPD_PWR_VCONNDischargeOff	40	static
C:/Users/prysi/Documents/STM32/x-cube-tcpp-main/Drivers/BSP/X-NUCLEO-DRP1M1/drp1m1_usbpd_pwr.c:1399:6:BSP_USBPD_PWR_EventCallback	24	static
C:/Users/prysi/Documents/STM32/x-cube-tcpp-main/Drivers/BSP/X-NUCLEO-DRP1M1/drp1m1_usbpd_pwr.c:1435:13:PWR_TCPP0203_GPIOConfigInit	16	static
C:/Users/prysi/Documents/STM32/x-cube-tcpp-main/Drivers/BSP/X-NUCLEO-DRP1M1/drp1m1_usbpd_pwr.c:1478:13:PWR_TCPP0203_Configure_ADC	72	static
C:/Users/prysi/Documents/STM32/x-cube-tcpp-main/Drivers/BSP/X-NUCLEO-DRP1M1/drp1m1_usbpd_pwr.c:1647:13:PWR_TCPP0203_Activate_ADC	16	static
C:/Users/prysi/Documents/STM32/x-cube-tcpp-main/Drivers/BSP/X-NUCLEO-DRP1M1/drp1m1_usbpd_pwr.c:1780:13:PWR_TCPP0203_ITConfigInit	24	static
C:/Users/prysi/Documents/STM32/x-cube-tcpp-main/Drivers/BSP/X-NUCLEO-DRP1M1/drp1m1_usbpd_pwr.c:1812:16:PWR_TCPP0203_BUSConfigInit	64	static
C:/Users/prysi/Documents/STM32/x-cube-tcpp-main/Drivers/BSP/X-NUCLEO-DRP1M1/drp1m1_usbpd_pwr.c:1884:16:PWR_TCPP0203_ConfigDeInit	16	static
C:/Users/prysi/Documents/STM32/x-cube-tcpp-main/Drivers/BSP/X-NUCLEO-DRP1M1/drp1m1_usbpd_pwr.c:1895:13:PWR_TCPP0203_EventCallback	56	static
C:/Users/prysi/Documents/STM32/x-cube-tcpp-main/Drivers/BSP/X-NUCLEO-DRP1M1/drp1m1_usbpd_pwr.c:2042:17:PWR_TCPP0203_ConvertADCDataToVoltage	32	static
C:/Users/prysi/Documents/STM32/x-cube-tcpp-main/Drivers/BSP/X-NUCLEO-DRP1M1/drp1m1_usbpd_pwr.c:2069:16:PWR_TCPP0203_ConvertADCDataToCurrent	32	static
