C:/Users/prysi/Documents/STM32/x-cube-tcpp-main/Drivers/BSP/Components/tcpp0203/tcpp0203.c:133:9:TCPP0203_RegisterBusIO	24	static
C:/Users/prysi/Documents/STM32/x-cube-tcpp-main/Drivers/BSP/Components/tcpp0203/tcpp0203.c:172:9:TCPP0203_Init	24	static
C:/Users/prysi/Documents/STM32/x-cube-tcpp-main/Drivers/BSP/Components/tcpp0203/tcpp0203.c:206:9:TCPP0203_DeInit	16	static
C:/Users/prysi/Documents/STM32/x-cube-tcpp-main/Drivers/BSP/Components/tcpp0203/tcpp0203.c:224:9:TCPP0203_Reset	24	static
C:/Users/prysi/Documents/STM32/x-cube-tcpp-main/Drivers/BSP/Components/tcpp0203/tcpp0203.c:253:9:TCPP0203_SetVConnSwitch	24	static
C:/Users/prysi/Documents/STM32/x-cube-tcpp-main/Drivers/BSP/Components/tcpp0203/tcpp0203.c:281:9:TCPP0203_SetGateDriverProvider	24	static
C:/Users/prysi/Documents/STM32/x-cube-tcpp-main/Drivers/BSP/Components/tcpp0203/tcpp0203.c:317:9:TCPP0203_SetGateDriverConsumer	24	static
C:/Users/prysi/Documents/STM32/x-cube-tcpp-main/Drivers/BSP/Components/tcpp0203/tcpp0203.c:360:9:TCPP0203_SetPowerMode	24	static
C:/Users/prysi/Documents/STM32/x-cube-tcpp-main/Drivers/BSP/Components/tcpp0203/tcpp0203.c:388:9:TCPP0203_SetVBusDischarge	24	static
C:/Users/prysi/Documents/STM32/x-cube-tcpp-main/Drivers/BSP/Components/tcpp0203/tcpp0203.c:415:9:TCPP0203_SetVConnDischarge	24	static
C:/Users/prysi/Documents/STM32/x-cube-tcpp-main/Drivers/BSP/Components/tcpp0203/tcpp0203.c:443:9:TCPP0203_GetVConnSwitchAck	24	static
C:/Users/prysi/Documents/STM32/x-cube-tcpp-main/Drivers/BSP/Components/tcpp0203/tcpp0203.c:463:9:TCPP0203_GetGateDriverProviderAck	24	static
C:/Users/prysi/Documents/STM32/x-cube-tcpp-main/Drivers/BSP/Components/tcpp0203/tcpp0203.c:483:9:TCPP0203_GetGateDriverConsumerAck	24	static
C:/Users/prysi/Documents/STM32/x-cube-tcpp-main/Drivers/BSP/Components/tcpp0203/tcpp0203.c:510:9:TCPP0203_GetPowerModeAck	24	static
C:/Users/prysi/Documents/STM32/x-cube-tcpp-main/Drivers/BSP/Components/tcpp0203/tcpp0203.c:530:9:TCPP0203_GetVBusDischargeAck	24	static
C:/Users/prysi/Documents/STM32/x-cube-tcpp-main/Drivers/BSP/Components/tcpp0203/tcpp0203.c:550:9:TCPP0203_GetVConnDischargeAck	24	static
C:/Users/prysi/Documents/STM32/x-cube-tcpp-main/Drivers/BSP/Components/tcpp0203/tcpp0203.c:570:9:TCPP0203_GetOCPVConnFlag	24	static
C:/Users/prysi/Documents/STM32/x-cube-tcpp-main/Drivers/BSP/Components/tcpp0203/tcpp0203.c:590:9:TCPP0203_GetOCPVBusFlag	24	static
C:/Users/prysi/Documents/STM32/x-cube-tcpp-main/Drivers/BSP/Components/tcpp0203/tcpp0203.c:610:9:TCPP0203_GetOVPVBusFlag	24	static
C:/Users/prysi/Documents/STM32/x-cube-tcpp-main/Drivers/BSP/Components/tcpp0203/tcpp0203.c:630:9:TCPP0203_GetOVPCCFlag	24	static
C:/Users/prysi/Documents/STM32/x-cube-tcpp-main/Drivers/BSP/Components/tcpp0203/tcpp0203.c:650:9:TCPP0203_GetOTPFlag	24	static
C:/Users/prysi/Documents/STM32/x-cube-tcpp-main/Drivers/BSP/Components/tcpp0203/tcpp0203.c:670:9:TCPP0203_GetVBusOkFlag	24	static
C:/Users/prysi/Documents/STM32/x-cube-tcpp-main/Drivers/BSP/Components/tcpp0203/tcpp0203.c:690:9:TCPP0203_ReadTCPPType	24	static
C:/Users/prysi/Documents/STM32/x-cube-tcpp-main/Drivers/BSP/Components/tcpp0203/tcpp0203.c:710:9:TCPP0203_ReadVCONNPower	24	static
C:/Users/prysi/Documents/STM32/x-cube-tcpp-main/Drivers/BSP/Components/tcpp0203/tcpp0203.c:727:9:TCPP0203_WriteCtrlRegister	24	static
C:/Users/prysi/Documents/STM32/x-cube-tcpp-main/Drivers/BSP/Components/tcpp0203/tcpp0203.c:747:9:TCPP0203_ReadAckRegister	24	static
C:/Users/prysi/Documents/STM32/x-cube-tcpp-main/Drivers/BSP/Components/tcpp0203/tcpp0203.c:762:9:TCPP0203_ReadFlagRegister	24	static
C:/Users/prysi/Documents/STM32/x-cube-tcpp-main/Drivers/BSP/Components/tcpp0203/tcpp0203.c:780:16:TCPP0203_ReadRegWrap	40	static
C:/Users/prysi/Documents/STM32/x-cube-tcpp-main/Drivers/BSP/Components/tcpp0203/tcpp0203.c:795:16:TCPP0203_WriteRegWrap	40	static
C:/Users/prysi/Documents/STM32/x-cube-tcpp-main/Drivers/BSP/Components/tcpp0203/tcpp0203.c:814:16:TCPP0203_ModifyReg0	24	static
