C:/Users/prysi/Documents/STM32/x-cube-tcpp-main/Utilities/TRACER_EMB/tracer_emb.c:134:6:TRACER_EMB_Init	8	static
C:/Users/prysi/Documents/STM32/x-cube-tcpp-main/Utilities/TRACER_EMB/tracer_emb.c:146:6:TRACER_EMB_Add	32	static
C:/Users/prysi/Documents/STM32/x-cube-tcpp-main/Utilities/TRACER_EMB/tracer_emb.c:172:6:TRACER_EMB_IRQHandlerDMA	8	static
C:/Users/prysi/Documents/STM32/x-cube-tcpp-main/Utilities/TRACER_EMB/tracer_emb.c:178:6:TRACER_EMB_IRQHandlerUSART	8	static
C:/Users/prysi/Documents/STM32/x-cube-tcpp-main/Utilities/TRACER_EMB/tracer_emb.c:183:6:TRACER_EMB_WriteData	16	static
C:/Users/prysi/Documents/STM32/x-cube-tcpp-main/Utilities/TRACER_EMB/tracer_emb.c:188:6:TRACER_EMB_StartRX	16	static
C:/Users/prysi/Documents/STM32/x-cube-tcpp-main/Utilities/TRACER_EMB/tracer_emb.c:194:9:TRACER_EMB_EnableOverFlow	16	static
C:/Users/prysi/Documents/STM32/x-cube-tcpp-main/Utilities/TRACER_EMB/tracer_emb.c:205:9:TRACER_EMB_ReadData	8	static
C:/Users/prysi/Documents/STM32/x-cube-tcpp-main/Utilities/TRACER_EMB/tracer_emb.c:224:6:TRACER_EMB_CALLBACK_TX	24	static,ignoring_inline_asm
C:/Users/prysi/Documents/STM32/x-cube-tcpp-main/Utilities/TRACER_EMB/tracer_emb.c:250:6:TRACER_EMB_Lock	24	static,ignoring_inline_asm
C:/Users/prysi/Documents/STM32/x-cube-tcpp-main/Utilities/TRACER_EMB/tracer_emb.c:262:6:TRACER_EMB_UnLock	24	static,ignoring_inline_asm
C:/Users/prysi/Documents/STM32/x-cube-tcpp-main/Utilities/TRACER_EMB/tracer_emb.c:275:6:TRACER_EMB_SendData	32	static,ignoring_inline_asm
C:/Users/prysi/Documents/STM32/x-cube-tcpp-main/Utilities/TRACER_EMB/tracer_emb.c:328:9:TRACER_EMB_AllocateBufer	40	static,ignoring_inline_asm
C:/Users/prysi/Documents/STM32/x-cube-tcpp-main/Utilities/TRACER_EMB/tracer_emb.c:373:13:TRACER_EMB_LowPowerInit	4	static
C:/Users/prysi/Documents/STM32/x-cube-tcpp-main/Utilities/TRACER_EMB/tracer_emb.c:377:13:TRACER_EMB_LowPowerSendData	4	static
C:/Users/prysi/Documents/STM32/x-cube-tcpp-main/Utilities/TRACER_EMB/tracer_emb.c:381:13:TRACER_EMB_LowPowerSendDataComplete	4	static
