../../../../../../../Drivers/CMSIS/Include/core_cm4.h:1679:22:__NVIC_EnableIRQ	16	static,ignoring_inline_asm
../../../../../../../Drivers/CMSIS/Include/core_cm4.h:1809:22:__NVIC_SetPriority	16	static
../../../../../../../Drivers/STM32G4xx_HAL_Driver/Inc/stm32g4xx_ll_bus.h:243:22:LL_AHB1_GRP1_EnableClock	24	static
../../../../../../../Drivers/STM32G4xx_HAL_Driver/Inc/stm32g4xx_ll_bus.h:451:22:LL_AHB2_GRP1_EnableClock	24	static
../../../../../../../Drivers/STM32G4xx_HAL_Driver/Inc/stm32g4xx_ll_bus.h:935:22:LL_APB1_GRP2_EnableClock	24	static
../../../../../../../Drivers/STM32G4xx_HAL_Driver/Inc/stm32g4xx_ll_bus.h:1087:22:LL_APB1_GRP2_DisableClock	16	static
../../../../../../../Drivers/STM32G4xx_HAL_Driver/Inc/stm32g4xx_ll_dma.h:517:22:LL_DMA_EnableChannel	24	static
../../../../../../../Drivers/STM32G4xx_HAL_Driver/Inc/stm32g4xx_ll_dma.h:539:22:LL_DMA_DisableChannel	24	static
../../../../../../../Drivers/STM32G4xx_HAL_Driver/Inc/stm32g4xx_ll_dma.h:599:22:LL_DMA_ConfigTransfer	32	static
../../../../../../../Drivers/STM32G4xx_HAL_Driver/Inc/stm32g4xx_ll_dma.h:655:26:LL_DMA_GetDataTransferDirection	24	static
../../../../../../../Drivers/STM32G4xx_HAL_Driver/Inc/stm32g4xx_ll_dma.h:997:22:LL_DMA_SetDataLength	32	static
../../../../../../../Drivers/STM32G4xx_HAL_Driver/Inc/stm32g4xx_ll_dma.h:1054:22:LL_DMA_ConfigAddresses	32	static
../../../../../../../Drivers/STM32G4xx_HAL_Driver/Inc/stm32g4xx_ll_dma.h:1406:22:LL_DMA_SetPeriphRequest	32	static
../../../../../../../Drivers/STM32G4xx_HAL_Driver/Inc/stm32g4xx_ll_dma.h:1685:26:LL_DMA_IsActiveFlag_TC3	16	static
../../../../../../../Drivers/STM32G4xx_HAL_Driver/Inc/stm32g4xx_ll_dma.h:1973:22:LL_DMA_ClearFlag_GI3	16	static
../../../../../../../Drivers/STM32G4xx_HAL_Driver/Inc/stm32g4xx_ll_dma.h:2356:22:LL_DMA_EnableIT_TC	24	static
../../../../../../../Drivers/STM32G4xx_HAL_Driver/Inc/stm32g4xx_ll_gpio.h:285:22:LL_GPIO_SetPinMode	48	static,ignoring_inline_asm
../../../../../../../Drivers/STM32G4xx_HAL_Driver/Inc/stm32g4xx_ll_gpio.h:354:22:LL_GPIO_SetPinOutputType	24	static
../../../../../../../Drivers/STM32G4xx_HAL_Driver/Inc/stm32g4xx_ll_gpio.h:425:22:LL_GPIO_SetPinSpeed	48	static,ignoring_inline_asm
../../../../../../../Drivers/STM32G4xx_HAL_Driver/Inc/stm32g4xx_ll_gpio.h:496:22:LL_GPIO_SetPinPull	48	static,ignoring_inline_asm
../../../../../../../Drivers/STM32G4xx_HAL_Driver/Inc/stm32g4xx_ll_gpio.h:568:22:LL_GPIO_SetAFPin_0_7	48	static,ignoring_inline_asm
../../../../../../../Drivers/STM32G4xx_HAL_Driver/Inc/stm32g4xx_ll_lpuart.h:495:22:LL_LPUART_Enable	16	static
../../../../../../../Drivers/STM32G4xx_HAL_Driver/Inc/stm32g4xx_ll_lpuart.h:514:22:LL_LPUART_Disable	16	static
../../../../../../../Drivers/STM32G4xx_HAL_Driver/Inc/stm32g4xx_ll_lpuart.h:703:22:LL_LPUART_EnableDirectionRx	40	static,ignoring_inline_asm
../../../../../../../Drivers/STM32G4xx_HAL_Driver/Inc/stm32g4xx_ll_lpuart.h:1761:26:LL_LPUART_IsActiveFlag_TEACK	16	static
../../../../../../../Drivers/STM32G4xx_HAL_Driver/Inc/stm32g4xx_ll_lpuart.h:1827:22:LL_LPUART_ClearFlag_PE	16	static
../../../../../../../Drivers/STM32G4xx_HAL_Driver/Inc/stm32g4xx_ll_lpuart.h:1838:22:LL_LPUART_ClearFlag_FE	16	static
../../../../../../../Drivers/STM32G4xx_HAL_Driver/Inc/stm32g4xx_ll_lpuart.h:1849:22:LL_LPUART_ClearFlag_NE	16	static
../../../../../../../Drivers/STM32G4xx_HAL_Driver/Inc/stm32g4xx_ll_lpuart.h:1860:22:LL_LPUART_ClearFlag_ORE	16	static
../../../../../../../Drivers/STM32G4xx_HAL_Driver/Inc/stm32g4xx_ll_lpuart.h:1882:22:LL_LPUART_ClearFlag_TC	16	static
../../../../../../../Drivers/STM32G4xx_HAL_Driver/Inc/stm32g4xx_ll_lpuart.h:1948:22:LL_LPUART_EnableIT_RXNE_RXFNE	40	static,ignoring_inline_asm
../../../../../../../Drivers/STM32G4xx_HAL_Driver/Inc/stm32g4xx_ll_lpuart.h:1959:22:LL_LPUART_EnableIT_TC	40	static,ignoring_inline_asm
../../../../../../../Drivers/STM32G4xx_HAL_Driver/Inc/stm32g4xx_ll_lpuart.h:2032:22:LL_LPUART_EnableIT_ERROR	40	static,ignoring_inline_asm
../../../../../../../Drivers/STM32G4xx_HAL_Driver/Inc/stm32g4xx_ll_lpuart.h:2112:22:LL_LPUART_DisableIT_TC	40	static,ignoring_inline_asm
../../../../../../../Drivers/STM32G4xx_HAL_Driver/Inc/stm32g4xx_ll_lpuart.h:2254:26:LL_LPUART_IsEnabledIT_RXNE_RXFNE	16	static
../../../../../../../Drivers/STM32G4xx_HAL_Driver/Inc/stm32g4xx_ll_lpuart.h:2265:26:LL_LPUART_IsEnabledIT_TC	16	static
../../../../../../../Drivers/STM32G4xx_HAL_Driver/Inc/stm32g4xx_ll_lpuart.h:2290:26:LL_LPUART_IsEnabledIT_PE	16	static
../../../../../../../Drivers/STM32G4xx_HAL_Driver/Inc/stm32g4xx_ll_lpuart.h:2334:26:LL_LPUART_IsEnabledIT_ERROR	16	static
../../../../../../../Drivers/STM32G4xx_HAL_Driver/Inc/stm32g4xx_ll_lpuart.h:2430:22:LL_LPUART_EnableDMAReq_TX	40	static,ignoring_inline_asm
../../../../../../../Drivers/STM32G4xx_HAL_Driver/Inc/stm32g4xx_ll_lpuart.h:2500:26:LL_LPUART_DMA_GetRegAddr	24	static
../../../../../../../Drivers/STM32G4xx_HAL_Driver/Inc/stm32g4xx_ll_lpuart.h:2532:25:LL_LPUART_ReceiveData8	16	static
C:/Users/prysi/Documents/STM32/x-cube-tcpp-main/Utilities/TRACER_EMB/tracer_emb_hw.c:160:6:HW_TRACER_EMB_Init	40	static
C:/Users/prysi/Documents/STM32/x-cube-tcpp-main/Utilities/TRACER_EMB/tracer_emb_hw.c:353:6:HW_TRACER_EMB_DeInit	8	static
C:/Users/prysi/Documents/STM32/x-cube-tcpp-main/Utilities/TRACER_EMB/tracer_emb_hw.c:364:6:HW_TRACER_EMB_RegisterRxCallback	16	static
C:/Users/prysi/Documents/STM32/x-cube-tcpp-main/Utilities/TRACER_EMB/tracer_emb_hw.c:374:6:HW_TRACER_EMB_StartRX	8	static
C:/Users/prysi/Documents/STM32/x-cube-tcpp-main/Utilities/TRACER_EMB/tracer_emb_hw.c:393:6:HW_TRACER_EMB_IRQHandlerDMA	8	static
C:/Users/prysi/Documents/STM32/x-cube-tcpp-main/Utilities/TRACER_EMB/tracer_emb_hw.c:407:6:HW_TRACER_EMB_IRQHandlerUSART	32	static
C:/Users/prysi/Documents/STM32/x-cube-tcpp-main/Utilities/TRACER_EMB/tracer_emb_hw.c:565:6:HW_TRACER_EMB_SendData	32	static
C:/Users/prysi/Documents/STM32/x-cube-tcpp-main/Utilities/TRACER_EMB/tracer_emb_hw.c:624:9:HW_TRACER_EMB_ReadData	8	static
