../../../../../../../Drivers/STM32G4xx_HAL_Driver/Inc/stm32g4xx_ll_lpuart.h:525:26:LL_LPUART_IsEnabled	16	static
../../../../../../../Drivers/STM32G4xx_HAL_Driver/Inc/stm32g4xx_ll_lpuart.h:917:22:LL_LPUART_SetPrescaler	16	static
../../../../../../../Drivers/STM32G4xx_HAL_Driver/Inc/stm32g4xx_ll_lpuart.h:954:22:LL_LPUART_SetStopBitsLength	16	static
../../../../../../../Drivers/STM32G4xx_HAL_Driver/Inc/stm32g4xx_ll_lpuart.h:1258:22:LL_LPUART_SetHWFlowCtrl	16	static
../../../../../../../Drivers/STM32G4xx_HAL_Driver/Inc/stm32g4xx_ll_lpuart.h:1370:22:LL_LPUART_SetBaudRate	64	static
../../../../../../../Drivers/STM32G4xx_HAL_Driver/Inc/stm32g4xx_ll_bus.h:1157:22:LL_APB1_GRP2_ForceReset	16	static
../../../../../../../Drivers/STM32G4xx_HAL_Driver/Inc/stm32g4xx_ll_bus.h:1227:22:LL_APB1_GRP2_ReleaseReset	16	static
C:/Users/prysi/Documents/STM32/x-cube-tcpp-main/Drivers/STM32G4xx_HAL_Driver/Src/stm32g4xx_ll_lpuart.c:129:13:LL_LPUART_DeInit	24	static
C:/Users/prysi/Documents/STM32/x-cube-tcpp-main/Drivers/STM32G4xx_HAL_Driver/Src/stm32g4xx_ll_lpuart.c:167:13:LL_LPUART_Init	24	static
C:/Users/prysi/Documents/STM32/x-cube-tcpp-main/Drivers/STM32G4xx_HAL_Driver/Src/stm32g4xx_ll_lpuart.c:252:6:LL_LPUART_StructInit	16	static
