../../../../../../../Drivers/STM32G4xx_HAL_Driver/Inc/stm32g4xx_ll_rcc.h:1003:22:LL_RCC_HSI_Enable	4	static
../../../../../../../Drivers/STM32G4xx_HAL_Driver/Inc/stm32g4xx_ll_rcc.h:1023:26:LL_RCC_HSI_IsReady	4	static
../../../../../../../Drivers/STM32G4xx_HAL_Driver/Inc/stm32g4xx_ll_rcc.h:1049:22:LL_RCC_HSI_SetCalibTrimming	16	static
../../../../../../../Drivers/STM32G4xx_HAL_Driver/Inc/stm32g4xx_ll_rcc.h:1077:22:LL_RCC_HSI48_Enable	4	static
../../../../../../../Drivers/STM32G4xx_HAL_Driver/Inc/stm32g4xx_ll_rcc.h:1097:26:LL_RCC_HSI48_IsReady	4	static
../../../../../../../Drivers/STM32G4xx_HAL_Driver/Inc/stm32g4xx_ll_rcc.h:1340:22:LL_RCC_SetSysClkSource	16	static
../../../../../../../Drivers/STM32G4xx_HAL_Driver/Inc/stm32g4xx_ll_rcc.h:1353:26:LL_RCC_GetSysClkSource	4	static
../../../../../../../Drivers/STM32G4xx_HAL_Driver/Inc/stm32g4xx_ll_rcc.h:1373:22:LL_RCC_SetAHBPrescaler	16	static
../../../../../../../Drivers/STM32G4xx_HAL_Driver/Inc/stm32g4xx_ll_rcc.h:1389:22:LL_RCC_SetAPB1Prescaler	16	static
../../../../../../../Drivers/STM32G4xx_HAL_Driver/Inc/stm32g4xx_ll_rcc.h:1405:22:LL_RCC_SetAPB2Prescaler	16	static
../../../../../../../Drivers/STM32G4xx_HAL_Driver/Inc/stm32g4xx_ll_rcc.h:1559:22:LL_RCC_SetLPUARTClockSource	16	static
../../../../../../../Drivers/STM32G4xx_HAL_Driver/Inc/stm32g4xx_ll_rcc.h:1584:22:LL_RCC_SetI2CClockSource	24	static
../../../../../../../Drivers/STM32G4xx_HAL_Driver/Inc/stm32g4xx_ll_rcc.h:1674:22:LL_RCC_SetUSBClockSource	16	static
../../../../../../../Drivers/STM32G4xx_HAL_Driver/Inc/stm32g4xx_ll_rcc.h:1694:22:LL_RCC_SetADCClockSource	16	static
../../../../../../../Drivers/STM32G4xx_HAL_Driver/Inc/stm32g4xx_ll_rcc.h:2053:22:LL_RCC_PLL_Enable	4	static
../../../../../../../Drivers/STM32G4xx_HAL_Driver/Inc/stm32g4xx_ll_rcc.h:2074:26:LL_RCC_PLL_IsReady	4	static
../../../../../../../Drivers/STM32G4xx_HAL_Driver/Inc/stm32g4xx_ll_rcc.h:2117:22:LL_RCC_PLL_ConfigDomain_SYS	24	static
../../../../../../../Drivers/STM32G4xx_HAL_Driver/Inc/stm32g4xx_ll_rcc.h:2446:22:LL_RCC_PLL_EnableDomain_SYS	4	static
../../../../../../../Drivers/STM32G4xx_HAL_Driver/Inc/stm32g4xx_ll_crs.h:282:22:LL_CRS_SetHSI48SmoothTrimming	16	static
../../../../../../../Drivers/STM32G4xx_HAL_Driver/Inc/stm32g4xx_ll_crs.h:305:22:LL_CRS_SetReloadCounter	16	static
../../../../../../../Drivers/STM32G4xx_HAL_Driver/Inc/stm32g4xx_ll_crs.h:327:22:LL_CRS_SetFreqErrorLimit	16	static
../../../../../../../Drivers/STM32G4xx_HAL_Driver/Inc/stm32g4xx_ll_crs.h:356:22:LL_CRS_SetSyncDivider	16	static
../../../../../../../Drivers/STM32G4xx_HAL_Driver/Inc/stm32g4xx_ll_crs.h:388:22:LL_CRS_SetSyncSignalSource	16	static
../../../../../../../Drivers/STM32G4xx_HAL_Driver/Inc/stm32g4xx_ll_crs.h:414:22:LL_CRS_SetSyncPolarity	16	static
../../../../../../../Drivers/STM32G4xx_HAL_Driver/Inc/stm32g4xx_ll_system.h:1289:22:LL_FLASH_SetLatency	16	static
../../../../../../../Drivers/STM32G4xx_HAL_Driver/Inc/stm32g4xx_ll_system.h:1317:26:LL_FLASH_GetLatency	4	static
../../../../../../../Drivers/STM32G4xx_HAL_Driver/Inc/stm32g4xx_ll_pwr.h:318:22:LL_PWR_SetRegulVoltageScaling	16	static
C:/Users/prysi/Documents/STM32/x-cube-tcpp-main/Projects/NUCLEO-G474RE/Applications/USB_PD/DRP1M1_DRP/Src/main.c:89:5:main	40	static
C:/Users/prysi/Documents/STM32/x-cube-tcpp-main/Projects/NUCLEO-G474RE/Applications/USB_PD/DRP1M1_DRP/Src/main.c:177:6:SystemClock_Config	8	static
C:/Users/prysi/Documents/STM32/x-cube-tcpp-main/Projects/NUCLEO-G474RE/Applications/USB_PD/DRP1M1_DRP/Src/main.c:258:6:StartDefaultTask	16	static
C:/Users/prysi/Documents/STM32/x-cube-tcpp-main/Projects/NUCLEO-G474RE/Applications/USB_PD/DRP1M1_DRP/Src/main.c:273:6:Error_Handler	4	static,ignoring_inline_asm
