../Application/User/syscalls.c:47:6:initialise_monitor_handles	4	static
../Application/User/syscalls.c:51:5:_getpid	4	static
../Application/User/syscalls.c:56:5:_kill	16	static
../Application/User/syscalls.c:62:6:_exit	16	static
../Application/User/syscalls.c:68:27:_read	32	static
../Application/User/syscalls.c:80:27:_write	32	static
../Application/User/syscalls.c:91:5:_close	16	static
../Application/User/syscalls.c:97:5:_fstat	16	static
../Application/User/syscalls.c:103:5:_isatty	16	static
../Application/User/syscalls.c:108:5:_lseek	24	static
../Application/User/syscalls.c:113:5:_open	12	static
../Application/User/syscalls.c:119:5:_wait	16	static
../Application/User/syscalls.c:125:5:_unlink	16	static
../Application/User/syscalls.c:131:5:_times	16	static
../Application/User/syscalls.c:136:5:_stat	16	static
../Application/User/syscalls.c:142:5:_link	16	static
../Application/User/syscalls.c:148:5:_fork	8	static
../Application/User/syscalls.c:154:5:_execve	24	static
