../../../../../../../Drivers/CMSIS/Include/core_cm4.h:1933:34:__NVIC_SystemReset	4	static,ignoring_inline_asm
C:/Users/prysi/Documents/STM32/x-cube-tcpp-main/Projects/NUCLEO-G474RE/Applications/USB_PD/DRP1M1_DRP/Src/usbpd_dpm_user.c:220:21:USBPD_DPM_UserInit	16	static
C:/Users/prysi/Documents/STM32/x-cube-tcpp-main/Projects/NUCLEO-G474RE/Applications/USB_PD/DRP1M1_DRP/Src/usbpd_dpm_user.c:255:6:USBPD_DPM_SetNotification_GUI	24	static
C:/Users/prysi/Documents/STM32/x-cube-tcpp-main/Projects/NUCLEO-G474RE/Applications/USB_PD/DRP1M1_DRP/Src/usbpd_dpm_user.c:267:6:USBPD_DPM_WaitForTime	16	static
C:/Users/prysi/Documents/STM32/x-cube-tcpp-main/Projects/NUCLEO-G474RE/Applications/USB_PD/DRP1M1_DRP/Src/usbpd_dpm_user.c:280:6:USBPD_DPM_UserExecute	40	static
C:/Users/prysi/Documents/STM32/x-cube-tcpp-main/Projects/NUCLEO-G474RE/Applications/USB_PD/DRP1M1_DRP/Src/usbpd_dpm_user.c:317:6:USBPD_DPM_UserCableDetection	16	static
C:/Users/prysi/Documents/STM32/x-cube-tcpp-main/Projects/NUCLEO-G474RE/Applications/USB_PD/DRP1M1_DRP/Src/usbpd_dpm_user.c:370:6:USBPD_DPM_UserTimerCounter	16	static
C:/Users/prysi/Documents/STM32/x-cube-tcpp-main/Projects/NUCLEO-G474RE/Applications/USB_PD/DRP1M1_DRP/Src/usbpd_dpm_user.c:392:6:USBPD_DPM_HardReset	16	static
C:/Users/prysi/Documents/STM32/x-cube-tcpp-main/Projects/NUCLEO-G474RE/Applications/USB_PD/DRP1M1_DRP/Src/usbpd_dpm_user.c:424:21:USBPD_DPM_SetupNewPower	16	static
C:/Users/prysi/Documents/STM32/x-cube-tcpp-main/Projects/NUCLEO-G474RE/Applications/USB_PD/DRP1M1_DRP/Src/usbpd_dpm_user.c:436:21:USBPD_DPM_EvaluatePowerRoleSwap	16	static
C:/Users/prysi/Documents/STM32/x-cube-tcpp-main/Projects/NUCLEO-G474RE/Applications/USB_PD/DRP1M1_DRP/Src/usbpd_dpm_user.c:449:6:USBPD_DPM_Notification	32	static
C:/Users/prysi/Documents/STM32/x-cube-tcpp-main/Projects/NUCLEO-G474RE/Applications/USB_PD/DRP1M1_DRP/Src/usbpd_dpm_user.c:521:6:USBPD_DPM_GetDataInfo	32	static
C:/Users/prysi/Documents/STM32/x-cube-tcpp-main/Projects/NUCLEO-G474RE/Applications/USB_PD/DRP1M1_DRP/Src/usbpd_dpm_user.c:591:6:USBPD_DPM_SetDataInfo	120	static
C:/Users/prysi/Documents/STM32/x-cube-tcpp-main/Projects/NUCLEO-G474RE/Applications/USB_PD/DRP1M1_DRP/Src/usbpd_dpm_user.c:694:21:USBPD_DPM_EvaluateRequest	32	static
C:/Users/prysi/Documents/STM32/x-cube-tcpp-main/Projects/NUCLEO-G474RE/Applications/USB_PD/DRP1M1_DRP/Src/usbpd_dpm_user.c:742:6:USBPD_DPM_SNK_EvaluateCapabilities	120	static
C:/Users/prysi/Documents/STM32/x-cube-tcpp-main/Projects/NUCLEO-G474RE/Applications/USB_PD/DRP1M1_DRP/Src/usbpd_dpm_user.c:801:6:USBPD_DPM_PowerRoleSwap	16	static
C:/Users/prysi/Documents/STM32/x-cube-tcpp-main/Projects/NUCLEO-G474RE/Applications/USB_PD/DRP1M1_DRP/Src/usbpd_dpm_user.c:844:21:USBPD_DPM_EvaluateVconnSwap	24	static
C:/Users/prysi/Documents/STM32/x-cube-tcpp-main/Projects/NUCLEO-G474RE/Applications/USB_PD/DRP1M1_DRP/Src/usbpd_dpm_user.c:863:21:USBPD_DPM_PE_VconnPwr	16	static
C:/Users/prysi/Documents/STM32/x-cube-tcpp-main/Projects/NUCLEO-G474RE/Applications/USB_PD/DRP1M1_DRP/Src/usbpd_dpm_user.c:881:6:USBPD_DPM_ExtendedMessageReceived	16	static
C:/Users/prysi/Documents/STM32/x-cube-tcpp-main/Projects/NUCLEO-G474RE/Applications/USB_PD/DRP1M1_DRP/Src/usbpd_dpm_user.c:903:6:USBPD_DPM_EnterErrorRecovery	16	static
C:/Users/prysi/Documents/STM32/x-cube-tcpp-main/Projects/NUCLEO-G474RE/Applications/USB_PD/DRP1M1_DRP/Src/usbpd_dpm_user.c:920:21:USBPD_DPM_EvaluateDataRoleSwap	24	static
C:/Users/prysi/Documents/STM32/x-cube-tcpp-main/Projects/NUCLEO-G474RE/Applications/USB_PD/DRP1M1_DRP/Src/usbpd_dpm_user.c:950:23:USBPD_DPM_IsPowerReady	16	static
C:/Users/prysi/Documents/STM32/x-cube-tcpp-main/Projects/NUCLEO-G474RE/Applications/USB_PD/DRP1M1_DRP/Src/usbpd_dpm_user.c:970:21:USBPD_DPM_RequestHardReset	80	static
C:/Users/prysi/Documents/STM32/x-cube-tcpp-main/Projects/NUCLEO-G474RE/Applications/USB_PD/DRP1M1_DRP/Src/usbpd_dpm_user.c:984:21:USBPD_DPM_RequestCableReset	80	static
C:/Users/prysi/Documents/STM32/x-cube-tcpp-main/Projects/NUCLEO-G474RE/Applications/USB_PD/DRP1M1_DRP/Src/usbpd_dpm_user.c:996:21:USBPD_DPM_RequestGotoMin	80	static
C:/Users/prysi/Documents/STM32/x-cube-tcpp-main/Projects/NUCLEO-G474RE/Applications/USB_PD/DRP1M1_DRP/Src/usbpd_dpm_user.c:1010:21:USBPD_DPM_RequestPing	80	static
C:/Users/prysi/Documents/STM32/x-cube-tcpp-main/Projects/NUCLEO-G474RE/Applications/USB_PD/DRP1M1_DRP/Src/usbpd_dpm_user.c:1024:21:USBPD_DPM_RequestMessageRequest	136	static
C:/Users/prysi/Documents/STM32/x-cube-tcpp-main/Projects/NUCLEO-G474RE/Applications/USB_PD/DRP1M1_DRP/Src/usbpd_dpm_user.c:1071:21:USBPD_DPM_RequestGetSourceCapability	80	static
C:/Users/prysi/Documents/STM32/x-cube-tcpp-main/Projects/NUCLEO-G474RE/Applications/USB_PD/DRP1M1_DRP/Src/usbpd_dpm_user.c:1083:21:USBPD_DPM_RequestGetSinkCapability	80	static
C:/Users/prysi/Documents/STM32/x-cube-tcpp-main/Projects/NUCLEO-G474RE/Applications/USB_PD/DRP1M1_DRP/Src/usbpd_dpm_user.c:1095:21:USBPD_DPM_RequestDataRoleSwap	80	static
C:/Users/prysi/Documents/STM32/x-cube-tcpp-main/Projects/NUCLEO-G474RE/Applications/USB_PD/DRP1M1_DRP/Src/usbpd_dpm_user.c:1107:21:USBPD_DPM_RequestPowerRoleSwap	80	static
C:/Users/prysi/Documents/STM32/x-cube-tcpp-main/Projects/NUCLEO-G474RE/Applications/USB_PD/DRP1M1_DRP/Src/usbpd_dpm_user.c:1119:21:USBPD_DPM_RequestVconnSwap	80	static
C:/Users/prysi/Documents/STM32/x-cube-tcpp-main/Projects/NUCLEO-G474RE/Applications/USB_PD/DRP1M1_DRP/Src/usbpd_dpm_user.c:1132:21:USBPD_DPM_RequestSoftReset	80	static
C:/Users/prysi/Documents/STM32/x-cube-tcpp-main/Projects/NUCLEO-G474RE/Applications/USB_PD/DRP1M1_DRP/Src/usbpd_dpm_user.c:1144:21:USBPD_DPM_RequestSourceCapability	80	static
C:/Users/prysi/Documents/STM32/x-cube-tcpp-main/Projects/NUCLEO-G474RE/Applications/USB_PD/DRP1M1_DRP/Src/usbpd_dpm_user.c:1158:21:USBPD_DPM_RequestVDM_DiscoveryIdentify	80	static
C:/Users/prysi/Documents/STM32/x-cube-tcpp-main/Projects/NUCLEO-G474RE/Applications/USB_PD/DRP1M1_DRP/Src/usbpd_dpm_user.c:1177:21:USBPD_DPM_RequestVDM_DiscoverySVID	80	static
C:/Users/prysi/Documents/STM32/x-cube-tcpp-main/Projects/NUCLEO-G474RE/Applications/USB_PD/DRP1M1_DRP/Src/usbpd_dpm_user.c:1191:21:USBPD_DPM_RequestVDM_DiscoveryMode	80	static
C:/Users/prysi/Documents/STM32/x-cube-tcpp-main/Projects/NUCLEO-G474RE/Applications/USB_PD/DRP1M1_DRP/Src/usbpd_dpm_user.c:1206:21:USBPD_DPM_RequestVDM_EnterMode	88	static
C:/Users/prysi/Documents/STM32/x-cube-tcpp-main/Projects/NUCLEO-G474RE/Applications/USB_PD/DRP1M1_DRP/Src/usbpd_dpm_user.c:1221:21:USBPD_DPM_RequestVDM_ExitMode	88	static
C:/Users/prysi/Documents/STM32/x-cube-tcpp-main/Projects/NUCLEO-G474RE/Applications/USB_PD/DRP1M1_DRP/Src/usbpd_dpm_user.c:1236:21:USBPD_DPM_RequestDisplayPortStatus	80	static
C:/Users/prysi/Documents/STM32/x-cube-tcpp-main/Projects/NUCLEO-G474RE/Applications/USB_PD/DRP1M1_DRP/Src/usbpd_dpm_user.c:1254:21:USBPD_DPM_RequestDisplayPortConfig	80	static
C:/Users/prysi/Documents/STM32/x-cube-tcpp-main/Projects/NUCLEO-G474RE/Applications/USB_PD/DRP1M1_DRP/Src/usbpd_dpm_user.c:1272:21:USBPD_DPM_RequestAttention	80	static
C:/Users/prysi/Documents/STM32/x-cube-tcpp-main/Projects/NUCLEO-G474RE/Applications/USB_PD/DRP1M1_DRP/Src/usbpd_dpm_user.c:1285:21:USBPD_DPM_RequestAlert	80	static
C:/Users/prysi/Documents/STM32/x-cube-tcpp-main/Projects/NUCLEO-G474RE/Applications/USB_PD/DRP1M1_DRP/Src/usbpd_dpm_user.c:1297:21:USBPD_DPM_RequestGetSourceCapabilityExt	80	static
C:/Users/prysi/Documents/STM32/x-cube-tcpp-main/Projects/NUCLEO-G474RE/Applications/USB_PD/DRP1M1_DRP/Src/usbpd_dpm_user.c:1309:21:USBPD_DPM_RequestGetSinkCapabilityExt	80	static
C:/Users/prysi/Documents/STM32/x-cube-tcpp-main/Projects/NUCLEO-G474RE/Applications/USB_PD/DRP1M1_DRP/Src/usbpd_dpm_user.c:1323:21:USBPD_DPM_RequestGetManufacturerInfo	80	static
C:/Users/prysi/Documents/STM32/x-cube-tcpp-main/Projects/NUCLEO-G474RE/Applications/USB_PD/DRP1M1_DRP/Src/usbpd_dpm_user.c:1339:21:USBPD_DPM_RequestGetPPS_Status	80	static
C:/Users/prysi/Documents/STM32/x-cube-tcpp-main/Projects/NUCLEO-G474RE/Applications/USB_PD/DRP1M1_DRP/Src/usbpd_dpm_user.c:1351:21:USBPD_DPM_RequestGetStatus	80	static
C:/Users/prysi/Documents/STM32/x-cube-tcpp-main/Projects/NUCLEO-G474RE/Applications/USB_PD/DRP1M1_DRP/Src/usbpd_dpm_user.c:1363:21:USBPD_DPM_RequestFastRoleSwap	80	static
C:/Users/prysi/Documents/STM32/x-cube-tcpp-main/Projects/NUCLEO-G474RE/Applications/USB_PD/DRP1M1_DRP/Src/usbpd_dpm_user.c:1375:21:USBPD_DPM_RequestGetCountryCodes	80	static
C:/Users/prysi/Documents/STM32/x-cube-tcpp-main/Projects/NUCLEO-G474RE/Applications/USB_PD/DRP1M1_DRP/Src/usbpd_dpm_user.c:1388:21:USBPD_DPM_RequestGetCountryInfo	80	static
C:/Users/prysi/Documents/STM32/x-cube-tcpp-main/Projects/NUCLEO-G474RE/Applications/USB_PD/DRP1M1_DRP/Src/usbpd_dpm_user.c:1401:21:USBPD_DPM_RequestGetBatteryCapability	80	static
C:/Users/prysi/Documents/STM32/x-cube-tcpp-main/Projects/NUCLEO-G474RE/Applications/USB_PD/DRP1M1_DRP/Src/usbpd_dpm_user.c:1414:21:USBPD_DPM_RequestGetBatteryStatus	80	static
C:/Users/prysi/Documents/STM32/x-cube-tcpp-main/Projects/NUCLEO-G474RE/Applications/USB_PD/DRP1M1_DRP/Src/usbpd_dpm_user.c:1426:21:USBPD_DPM_RequestSecurityRequest	80	static
C:/Users/prysi/Documents/STM32/x-cube-tcpp-main/Projects/NUCLEO-G474RE/Applications/USB_PD/DRP1M1_DRP/Src/usbpd_dpm_user.c:1451:10:USBPD_DPM_SNK_EvaluateMatchWithSRCPDO	128	static
C:/Users/prysi/Documents/STM32/x-cube-tcpp-main/Projects/NUCLEO-G474RE/Applications/USB_PD/DRP1M1_DRP/Src/usbpd_dpm_user.c:1851:17:DPM_FindVoltageIndex	56	static
C:/Users/prysi/Documents/STM32/x-cube-tcpp-main/Projects/NUCLEO-G474RE/Applications/USB_PD/DRP1M1_DRP/Src/usbpd_dpm_user.c:1914:6:DPM_SNK_BuildRDOfromSelectedPDO	96	static
C:/Users/prysi/Documents/STM32/x-cube-tcpp-main/Projects/NUCLEO-G474RE/Applications/USB_PD/DRP1M1_DRP/Src/usbpd_dpm_user.c:2041:17:CheckDPMTimers	16	static
C:/Users/prysi/Documents/STM32/x-cube-tcpp-main/Projects/NUCLEO-G474RE/Applications/USB_PD/DRP1M1_DRP/Src/usbpd_dpm_user.c:2055:28:DPM_TurnOffPower	24	static
C:/Users/prysi/Documents/STM32/x-cube-tcpp-main/Projects/NUCLEO-G474RE/Applications/USB_PD/DRP1M1_DRP/Src/usbpd_dpm_user.c:2069:28:DPM_TurnOnPower	24	static
C:/Users/prysi/Documents/STM32/x-cube-tcpp-main/Projects/NUCLEO-G474RE/Applications/USB_PD/DRP1M1_DRP/Src/usbpd_dpm_user.c:2092:13:DPM_AssertRp	16	static
C:/Users/prysi/Documents/STM32/x-cube-tcpp-main/Projects/NUCLEO-G474RE/Applications/USB_PD/DRP1M1_DRP/Src/usbpd_dpm_user.c:2102:13:DPM_AssertRd	16	static
