C:/Users/prysi/Documents/STM32/x-cube-tcpp-main/Projects/NUCLEO-G474RE/Applications/USB_PD/DRP1M1_DRP/Src/usbpd_vdm_user.c:110:28:USBPD_VDM_DiscoverIdentity	16	static
C:/Users/prysi/Documents/STM32/x-cube-tcpp-main/Projects/NUCLEO-G474RE/Applications/USB_PD/DRP1M1_DRP/Src/usbpd_vdm_user.c:126:28:USBPD_VDM_DiscoverSVIDs	24	static
C:/Users/prysi/Documents/STM32/x-cube-tcpp-main/Projects/NUCLEO-G474RE/Applications/USB_PD/DRP1M1_DRP/Src/usbpd_vdm_user.c:143:28:USBPD_VDM_DiscoverModes	24	static
C:/Users/prysi/Documents/STM32/x-cube-tcpp-main/Projects/NUCLEO-G474RE/Applications/USB_PD/DRP1M1_DRP/Src/usbpd_vdm_user.c:159:28:USBPD_VDM_ModeEnter	16	static
C:/Users/prysi/Documents/STM32/x-cube-tcpp-main/Projects/NUCLEO-G474RE/Applications/USB_PD/DRP1M1_DRP/Src/usbpd_vdm_user.c:175:28:USBPD_VDM_ModeExit	16	static
C:/Users/prysi/Documents/STM32/x-cube-tcpp-main/Projects/NUCLEO-G474RE/Applications/USB_PD/DRP1M1_DRP/Src/usbpd_vdm_user.c:191:13:USBPD_VDM_SendAttention	24	static
C:/Users/prysi/Documents/STM32/x-cube-tcpp-main/Projects/NUCLEO-G474RE/Applications/USB_PD/DRP1M1_DRP/Src/usbpd_vdm_user.c:207:13:USBPD_VDM_ReceiveAttention	16	static
C:/Users/prysi/Documents/STM32/x-cube-tcpp-main/Projects/NUCLEO-G474RE/Applications/USB_PD/DRP1M1_DRP/Src/usbpd_vdm_user.c:224:28:USBPD_VDM_ReceiveSpecific	24	static
C:/Users/prysi/Documents/STM32/x-cube-tcpp-main/Projects/NUCLEO-G474RE/Applications/USB_PD/DRP1M1_DRP/Src/usbpd_vdm_user.c:241:13:USBPD_VDM_InformIdentity	24	static
C:/Users/prysi/Documents/STM32/x-cube-tcpp-main/Projects/NUCLEO-G474RE/Applications/USB_PD/DRP1M1_DRP/Src/usbpd_vdm_user.c:268:13:USBPD_VDM_InformSVID	24	static
C:/Users/prysi/Documents/STM32/x-cube-tcpp-main/Projects/NUCLEO-G474RE/Applications/USB_PD/DRP1M1_DRP/Src/usbpd_vdm_user.c:295:13:USBPD_VDM_InformMode	24	static
C:/Users/prysi/Documents/STM32/x-cube-tcpp-main/Projects/NUCLEO-G474RE/Applications/USB_PD/DRP1M1_DRP/Src/usbpd_vdm_user.c:323:13:USBPD_VDM_InformModeEnter	16	static
C:/Users/prysi/Documents/STM32/x-cube-tcpp-main/Projects/NUCLEO-G474RE/Applications/USB_PD/DRP1M1_DRP/Src/usbpd_vdm_user.c:348:13:USBPD_VDM_InformModeExit	16	static
C:/Users/prysi/Documents/STM32/x-cube-tcpp-main/Projects/NUCLEO-G474RE/Applications/USB_PD/DRP1M1_DRP/Src/usbpd_vdm_user.c:377:13:USBPD_VDM_SendSpecific	24	static
C:/Users/prysi/Documents/STM32/x-cube-tcpp-main/Projects/NUCLEO-G474RE/Applications/USB_PD/DRP1M1_DRP/Src/usbpd_vdm_user.c:395:13:USBPD_VDM_InformSpecific	24	static
C:/Users/prysi/Documents/STM32/x-cube-tcpp-main/Projects/NUCLEO-G474RE/Applications/USB_PD/DRP1M1_DRP/Src/usbpd_vdm_user.c:410:13:USBPD_VDM_SendUVDM	24	static
C:/Users/prysi/Documents/STM32/x-cube-tcpp-main/Projects/NUCLEO-G474RE/Applications/USB_PD/DRP1M1_DRP/Src/usbpd_vdm_user.c:425:28:USBPD_VDM_ReceiveUVDM	24	static
C:/Users/prysi/Documents/STM32/x-cube-tcpp-main/Projects/NUCLEO-G474RE/Applications/USB_PD/DRP1M1_DRP/Src/usbpd_vdm_user.c:442:21:USBPD_VDM_UserInit	16	static
C:/Users/prysi/Documents/STM32/x-cube-tcpp-main/Projects/NUCLEO-G474RE/Applications/USB_PD/DRP1M1_DRP/Src/usbpd_vdm_user.c:454:6:USBPD_VDM_UserReset	16	static
