C:/Users/prysi/Documents/STM32/x-cube-tcpp-main/Projects/NUCLEO-G474RE/Applications/USB_PD/DRP1M1_DRP/Src/usbpd_dpm_core.c:125:21:USBPD_DPM_InitCore	16	static
C:/Users/prysi/Documents/STM32/x-cube-tcpp-main/Projects/NUCLEO-G474RE/Applications/USB_PD/DRP1M1_DRP/Src/usbpd_dpm_core.c:232:21:USBPD_DPM_InitOS	8	static
C:/Users/prysi/Documents/STM32/x-cube-tcpp-main/Projects/NUCLEO-G474RE/Applications/USB_PD/DRP1M1_DRP/Src/usbpd_dpm_core.c:271:6:USBPD_DPM_Run	8	static
C:/Users/prysi/Documents/STM32/x-cube-tcpp-main/Projects/NUCLEO-G474RE/Applications/USB_PD/DRP1M1_DRP/Src/usbpd_dpm_core.c:283:6:USBPD_DPM_TimerCounter	8	static
C:/Users/prysi/Documents/STM32/x-cube-tcpp-main/Projects/NUCLEO-G474RE/Applications/USB_PD/DRP1M1_DRP/Src/usbpd_dpm_core.c:308:13:USBPD_PE_TaskWakeUp	16	static
C:/Users/prysi/Documents/STM32/x-cube-tcpp-main/Projects/NUCLEO-G474RE/Applications/USB_PD/DRP1M1_DRP/Src/usbpd_dpm_core.c:322:13:USBPD_DPM_CADTaskWakeUp	8	static
C:/Users/prysi/Documents/STM32/x-cube-tcpp-main/Projects/NUCLEO-G474RE/Applications/USB_PD/DRP1M1_DRP/Src/usbpd_dpm_core.c:338:6:USBPD_PE_Task	40	static
C:/Users/prysi/Documents/STM32/x-cube-tcpp-main/Projects/NUCLEO-G474RE/Applications/USB_PD/DRP1M1_DRP/Src/usbpd_dpm_core.c:394:6:USBPD_CAD_Task	40	static
C:/Users/prysi/Documents/STM32/x-cube-tcpp-main/Projects/NUCLEO-G474RE/Applications/USB_PD/DRP1M1_DRP/Src/usbpd_dpm_core.c:417:6:USBPD_DPM_CADCallback	32	static
C:/Users/prysi/Documents/STM32/x-cube-tcpp-main/Projects/NUCLEO-G474RE/Applications/USB_PD/DRP1M1_DRP/Src/usbpd_dpm_core.c:478:13:DPM_ManageAttachedState	24	static
