C:/Users/prysi/Documents/STM32/x-cube-tcpp-main/Projects/NUCLEO-G474RE/Applications/USB_PD/DRP1M1_DRP/Src/usbpd_pwr_if.c:231:21:USBPD_PWR_IF_Init	16	static
C:/Users/prysi/Documents/STM32/x-cube-tcpp-main/Projects/NUCLEO-G474RE/Applications/USB_PD/DRP1M1_DRP/Src/usbpd_pwr_if.c:269:21:USBPD_PWR_IF_SetProfile	32	static
C:/Users/prysi/Documents/STM32/x-cube-tcpp-main/Projects/NUCLEO-G474RE/Applications/USB_PD/DRP1M1_DRP/Src/usbpd_pwr_if.c:290:21:USBPD_PWR_IF_SupplyReady	24	static
C:/Users/prysi/Documents/STM32/x-cube-tcpp-main/Projects/NUCLEO-G474RE/Applications/USB_PD/DRP1M1_DRP/Src/usbpd_pwr_if.c:323:21:USBPD_PWR_IF_VBUSEnable	32	static
C:/Users/prysi/Documents/STM32/x-cube-tcpp-main/Projects/NUCLEO-G474RE/Applications/USB_PD/DRP1M1_DRP/Src/usbpd_pwr_if.c:336:21:USBPD_PWR_IF_VBUSDisable	32	static
C:/Users/prysi/Documents/STM32/x-cube-tcpp-main/Projects/NUCLEO-G474RE/Applications/USB_PD/DRP1M1_DRP/Src/usbpd_pwr_if.c:349:23:USBPD_PWR_IF_VBUSIsEnabled	16	static
C:/Users/prysi/Documents/STM32/x-cube-tcpp-main/Projects/NUCLEO-G474RE/Applications/USB_PD/DRP1M1_DRP/Src/usbpd_pwr_if.c:362:21:USBPD_PWR_IF_ReadVA	32	static
C:/Users/prysi/Documents/STM32/x-cube-tcpp-main/Projects/NUCLEO-G474RE/Applications/USB_PD/DRP1M1_DRP/Src/usbpd_pwr_if.c:396:21:USBPD_PWR_IF_Enable_VConn	16	static
C:/Users/prysi/Documents/STM32/x-cube-tcpp-main/Projects/NUCLEO-G474RE/Applications/USB_PD/DRP1M1_DRP/Src/usbpd_pwr_if.c:409:21:USBPD_PWR_IF_Disable_VConn	16	static
C:/Users/prysi/Documents/STM32/x-cube-tcpp-main/Projects/NUCLEO-G474RE/Applications/USB_PD/DRP1M1_DRP/Src/usbpd_pwr_if.c:427:6:USBPD_PWR_IF_GetPortPDOs	48	static
C:/Users/prysi/Documents/STM32/x-cube-tcpp-main/Projects/NUCLEO-G474RE/Applications/USB_PD/DRP1M1_DRP/Src/usbpd_pwr_if.c:518:21:USBPD_PWR_IF_SearchRequestedPDO	24	static
C:/Users/prysi/Documents/STM32/x-cube-tcpp-main/Projects/NUCLEO-G474RE/Applications/USB_PD/DRP1M1_DRP/Src/usbpd_pwr_if.c:537:6:USBPD_PWR_IF_AlarmType	16	static
C:/Users/prysi/Documents/STM32/x-cube-tcpp-main/Projects/NUCLEO-G474RE/Applications/USB_PD/DRP1M1_DRP/Src/usbpd_pwr_if.c:548:6:USBPD_PWR_IF_Alarm	4	static
C:/Users/prysi/Documents/STM32/x-cube-tcpp-main/Projects/NUCLEO-G474RE/Applications/USB_PD/DRP1M1_DRP/Src/usbpd_pwr_if.c:561:9:USBPD_PWR_IF_GetVBUSStatus	24	static
C:/Users/prysi/Documents/STM32/x-cube-tcpp-main/Projects/NUCLEO-G474RE/Applications/USB_PD/DRP1M1_DRP/Src/usbpd_pwr_if.c:590:6:USBPD_PWR_IF_UpdateVbusThreshold	24	static
C:/Users/prysi/Documents/STM32/x-cube-tcpp-main/Projects/NUCLEO-G474RE/Applications/USB_PD/DRP1M1_DRP/Src/usbpd_pwr_if.c:644:6:USBPD_PWR_IF_ResetVbusThreshold	24	static
C:/Users/prysi/Documents/STM32/x-cube-tcpp-main/Projects/NUCLEO-G474RE/Applications/USB_PD/DRP1M1_DRP/Src/usbpd_pwr_if.c:669:21:PWR_IF_CheckUpdateSNKPower	48	static
C:/Users/prysi/Documents/STM32/x-cube-tcpp-main/Projects/NUCLEO-G474RE/Applications/USB_PD/DRP1M1_DRP/Src/usbpd_pwr_if.c:739:10:_PWR_SRCFixedPDO	40	static
C:/Users/prysi/Documents/STM32/x-cube-tcpp-main/Projects/NUCLEO-G474RE/Applications/USB_PD/DRP1M1_DRP/Src/usbpd_pwr_if.c:769:10:_PWR_SRCVariablePDO	32	static
C:/Users/prysi/Documents/STM32/x-cube-tcpp-main/Projects/NUCLEO-G474RE/Applications/USB_PD/DRP1M1_DRP/Src/usbpd_pwr_if.c:788:10:_PWR_SRCBatteryPDO	32	static
C:/Users/prysi/Documents/STM32/x-cube-tcpp-main/Projects/NUCLEO-G474RE/Applications/USB_PD/DRP1M1_DRP/Src/usbpd_pwr_if.c:811:10:_PWR_SNKFixedPDO	40	static
C:/Users/prysi/Documents/STM32/x-cube-tcpp-main/Projects/NUCLEO-G474RE/Applications/USB_PD/DRP1M1_DRP/Src/usbpd_pwr_if.c:840:10:_PWR_SNKVariablePDO	32	static
C:/Users/prysi/Documents/STM32/x-cube-tcpp-main/Projects/NUCLEO-G474RE/Applications/USB_PD/DRP1M1_DRP/Src/usbpd_pwr_if.c:859:10:_PWR_SNKBatteryPDO	32	static
C:/Users/prysi/Documents/STM32/x-cube-tcpp-main/Projects/NUCLEO-G474RE/Applications/USB_PD/DRP1M1_DRP/Src/usbpd_pwr_if.c:897:6:_PWR_CheckPDOContent	24	static,ignoring_inline_asm
