../../../../../../../Drivers/STM32G4xx_HAL_Driver/Inc/stm32g4xx_ll_ucpd.h:1314:22:LL_UCPD_ClearFlag_TypeCEventCC2	16	static
../../../../../../../Drivers/STM32G4xx_HAL_Driver/Inc/stm32g4xx_ll_ucpd.h:1325:22:LL_UCPD_ClearFlag_TypeCEventCC1	16	static
../../../../../../../Drivers/STM32G4xx_HAL_Driver/Inc/stm32g4xx_ll_ucpd.h:1336:22:LL_UCPD_ClearFlag_RxMsgEnd	16	static
../../../../../../../Drivers/STM32G4xx_HAL_Driver/Inc/stm32g4xx_ll_ucpd.h:1347:22:LL_UCPD_ClearFlag_RxOvr	16	static
../../../../../../../Drivers/STM32G4xx_HAL_Driver/Inc/stm32g4xx_ll_ucpd.h:1358:22:LL_UCPD_ClearFlag_RxHRST	16	static
../../../../../../../Drivers/STM32G4xx_HAL_Driver/Inc/stm32g4xx_ll_ucpd.h:1369:22:LL_UCPD_ClearFlag_RxOrderSet	16	static
../../../../../../../Drivers/STM32G4xx_HAL_Driver/Inc/stm32g4xx_ll_ucpd.h:1380:22:LL_UCPD_ClearFlag_TxUND	16	static
../../../../../../../Drivers/STM32G4xx_HAL_Driver/Inc/stm32g4xx_ll_ucpd.h:1391:22:LL_UCPD_ClearFlag_TxHRSTSENT	16	static
../../../../../../../Drivers/STM32G4xx_HAL_Driver/Inc/stm32g4xx_ll_ucpd.h:1402:22:LL_UCPD_ClearFlag_TxHRSTDISC	16	static
../../../../../../../Drivers/STM32G4xx_HAL_Driver/Inc/stm32g4xx_ll_ucpd.h:1413:22:LL_UCPD_ClearFlag_TxMSGABT	16	static
../../../../../../../Drivers/STM32G4xx_HAL_Driver/Inc/stm32g4xx_ll_ucpd.h:1424:22:LL_UCPD_ClearFlag_TxMSGSENT	16	static
../../../../../../../Drivers/STM32G4xx_HAL_Driver/Inc/stm32g4xx_ll_ucpd.h:1435:22:LL_UCPD_ClearFlag_TxMSGDISC	16	static
C:/Users/prysi/Documents/STM32/x-cube-tcpp-main/Middlewares/ST/STM32_USBPD_Library/Devices/STM32G4XX/src/usbpd_hw_if_it.c:39:6:USBPD_PORT0_IRQHandler	8	static
C:/Users/prysi/Documents/STM32/x-cube-tcpp-main/Middlewares/ST/STM32_USBPD_Library/Devices/STM32G4XX/src/usbpd_hw_if_it.c:44:6:PORTx_IRQHandler	24	static
