../../../../../../../Drivers/CMSIS/Include/core_cm4.h:1679:22:__NVIC_EnableIRQ	16	static,ignoring_inline_asm
../../../../../../../Drivers/CMSIS/Include/core_cm4.h:1809:22:__NVIC_SetPriority	16	static
../../../../../../../Drivers/STM32G4xx_HAL_Driver/Inc/stm32g4xx_ll_bus.h:451:22:LL_AHB2_GRP1_EnableClock	24	static
../../../../../../../Drivers/STM32G4xx_HAL_Driver/Inc/stm32g4xx_ll_gpio.h:285:22:LL_GPIO_SetPinMode	48	static,ignoring_inline_asm
../../../../../../../Drivers/STM32G4xx_HAL_Driver/Inc/stm32g4xx_ll_gpio.h:496:22:LL_GPIO_SetPinPull	48	static,ignoring_inline_asm
../../../../../../../Drivers/STM32G4xx_HAL_Driver/Inc/stm32g4xx_ll_ucpd.h:346:22:LL_UCPD_Enable	16	static
../../../../../../../Drivers/STM32G4xx_HAL_Driver/Inc/stm32g4xx_ll_ucpd.h:390:22:LL_UCPD_SetRxOrderSet	16	static
../../../../../../../Drivers/STM32G4xx_HAL_Driver/Inc/stm32g4xx_ll_ucpd.h:643:22:LL_UCPD_SetccEnable	16	static
../../../../../../../Drivers/STM32G4xx_HAL_Driver/Inc/stm32g4xx_ll_ucpd.h:730:22:LL_UCPD_RxDisable	16	static
../../../../../../../Drivers/STM32G4xx_HAL_Driver/Inc/stm32g4xx_ll_ucpd.h:811:22:LL_UCPD_EnableIT_TypeCEventCC2	16	static
../../../../../../../Drivers/STM32G4xx_HAL_Driver/Inc/stm32g4xx_ll_ucpd.h:822:22:LL_UCPD_EnableIT_TypeCEventCC1	16	static
../../../../../../../Drivers/STM32G4xx_HAL_Driver/Inc/stm32g4xx_ll_pwr.h:496:22:LL_PWR_DisableUCPDDeadBattery	4	static
C:/Users/prysi/Documents/STM32/x-cube-tcpp-main/Middlewares/ST/STM32_USBPD_Library/Devices/STM32G4XX/src/usbpd_cad_hw_if.c:238:6:CAD_Init	56	static
C:/Users/prysi/Documents/STM32/x-cube-tcpp-main/Middlewares/ST/STM32_USBPD_Library/Devices/STM32G4XX/src/usbpd_cad_hw_if.c:377:6:CAD_Enter_ErrorRecovery	16	static
C:/Users/prysi/Documents/STM32/x-cube-tcpp-main/Middlewares/ST/STM32_USBPD_Library/Devices/STM32G4XX/src/usbpd_cad_hw_if.c:394:10:CAD_SRC_Set_ResistorRp	16	static
C:/Users/prysi/Documents/STM32/x-cube-tcpp-main/Middlewares/ST/STM32_USBPD_Library/Devices/STM32G4XX/src/usbpd_cad_hw_if.c:406:10:CAD_Set_ResistorRp	16	static
C:/Users/prysi/Documents/STM32/x-cube-tcpp-main/Middlewares/ST/STM32_USBPD_Library/Devices/STM32G4XX/src/usbpd_cad_hw_if.c:422:10:CAD_StateMachine_SNK	32	static
C:/Users/prysi/Documents/STM32/x-cube-tcpp-main/Middlewares/ST/STM32_USBPD_Library/Devices/STM32G4XX/src/usbpd_cad_hw_if.c:817:10:CAD_StateMachine_DRP	32	static
C:/Users/prysi/Documents/STM32/x-cube-tcpp-main/Middlewares/ST/STM32_USBPD_Library/Devices/STM32G4XX/src/usbpd_cad_hw_if.c:924:10:CAD_StateMachine	40	static
C:/Users/prysi/Documents/STM32/x-cube-tcpp-main/Middlewares/ST/STM32_USBPD_Library/Devices/STM32G4XX/src/usbpd_cad_hw_if.c:1131:6:CAD_Check_HW_SNK	32	static
C:/Users/prysi/Documents/STM32/x-cube-tcpp-main/Middlewares/ST/STM32_USBPD_Library/Devices/STM32G4XX/src/usbpd_cad_hw_if.c:1192:6:CAD_Check_HW_SRC	88	static
C:/Users/prysi/Documents/STM32/x-cube-tcpp-main/Middlewares/ST/STM32_USBPD_Library/Devices/STM32G4XX/src/usbpd_cad_hw_if.c:1254:17:ManageStateDetached_SNK	24	static
C:/Users/prysi/Documents/STM32/x-cube-tcpp-main/Middlewares/ST/STM32_USBPD_Library/Devices/STM32G4XX/src/usbpd_cad_hw_if.c:1315:17:ManageStateDetached_SRC	24	static
C:/Users/prysi/Documents/STM32/x-cube-tcpp-main/Middlewares/ST/STM32_USBPD_Library/Devices/STM32G4XX/src/usbpd_cad_hw_if.c:1361:17:ManageStateDetached_DRP	24	static
C:/Users/prysi/Documents/STM32/x-cube-tcpp-main/Middlewares/ST/STM32_USBPD_Library/Devices/STM32G4XX/src/usbpd_cad_hw_if.c:1410:17:ManageStateAttachedWait_SRC	40	static
C:/Users/prysi/Documents/STM32/x-cube-tcpp-main/Middlewares/ST/STM32_USBPD_Library/Devices/STM32G4XX/src/usbpd_cad_hw_if.c:1504:17:ManageStateEMC	32	static
C:/Users/prysi/Documents/STM32/x-cube-tcpp-main/Middlewares/ST/STM32_USBPD_Library/Devices/STM32G4XX/src/usbpd_cad_hw_if.c:1546:17:ManageStateAttached_DRP	32	static
C:/Users/prysi/Documents/STM32/x-cube-tcpp-main/Middlewares/ST/STM32_USBPD_Library/Devices/STM32G4XX/src/usbpd_cad_hw_if.c:1566:17:ManageStateAttachedWait_DRP	24	static
C:/Users/prysi/Documents/STM32/x-cube-tcpp-main/Middlewares/ST/STM32_USBPD_Library/Devices/STM32G4XX/src/usbpd_cad_hw_if.c:1577:17:ManageStateAttached_SRC	48	static
C:/Users/prysi/Documents/STM32/x-cube-tcpp-main/Middlewares/ST/STM32_USBPD_Library/Devices/STM32G4XX/src/usbpd_cad_hw_if.c:1630:17:ManageStateAttachedWait_SNK	40	static
C:/Users/prysi/Documents/STM32/x-cube-tcpp-main/Middlewares/ST/STM32_USBPD_Library/Devices/STM32G4XX/src/usbpd_cad_hw_if.c:1680:17:ManageStateAttached_SNK	40	static
C:/Users/prysi/Documents/STM32/x-cube-tcpp-main/Middlewares/ST/STM32_USBPD_Library/Devices/STM32G4XX/src/usbpd_cad_hw_if.c:1735:6:CAD_HW_IF_VBUSDetectCallback	24	static
