../../../../../../../Drivers/STM32G4xx_HAL_Driver/Inc/stm32g4xx_ll_bus.h:243:22:LL_AHB1_GRP1_EnableClock	24	static
../../../../../../../Drivers/STM32G4xx_HAL_Driver/Inc/stm32g4xx_ll_bus.h:913:22:LL_APB1_GRP1_EnableClock	24	static
../../../../../../../Drivers/STM32G4xx_HAL_Driver/Inc/stm32g4xx_ll_ucpd.h:346:22:LL_UCPD_Enable	16	static
../../../../../../../Drivers/STM32G4xx_HAL_Driver/Inc/stm32g4xx_ll_ucpd.h:358:22:LL_UCPD_Disable	16	static
../../../../../../../Drivers/STM32G4xx_HAL_Driver/Inc/stm32g4xx_ll_ucpd.h:539:22:LL_UCPD_TypeCDetectionCC2Enable	16	static
../../../../../../../Drivers/STM32G4xx_HAL_Driver/Inc/stm32g4xx_ll_ucpd.h:550:22:LL_UCPD_TypeCDetectionCC2Disable	16	static
../../../../../../../Drivers/STM32G4xx_HAL_Driver/Inc/stm32g4xx_ll_ucpd.h:561:22:LL_UCPD_TypeCDetectionCC1Enable	16	static
../../../../../../../Drivers/STM32G4xx_HAL_Driver/Inc/stm32g4xx_ll_ucpd.h:572:22:LL_UCPD_TypeCDetectionCC1Disable	16	static
../../../../../../../Drivers/STM32G4xx_HAL_Driver/Inc/stm32g4xx_ll_ucpd.h:605:22:LL_UCPD_SignalFRSTX	16	static
../../../../../../../Drivers/STM32G4xx_HAL_Driver/Inc/stm32g4xx_ll_ucpd.h:616:22:LL_UCPD_FRSDetectionEnable	16	static
../../../../../../../Drivers/STM32G4xx_HAL_Driver/Inc/stm32g4xx_ll_ucpd.h:627:22:LL_UCPD_FRSDetectionDisable	16	static
../../../../../../../Drivers/STM32G4xx_HAL_Driver/Inc/stm32g4xx_ll_ucpd.h:643:22:LL_UCPD_SetccEnable	16	static
../../../../../../../Drivers/STM32G4xx_HAL_Driver/Inc/stm32g4xx_ll_ucpd.h:654:22:LL_UCPD_SetSNKRole	16	static
../../../../../../../Drivers/STM32G4xx_HAL_Driver/Inc/stm32g4xx_ll_ucpd.h:665:22:LL_UCPD_SetSRCRole	16	static
../../../../../../../Drivers/STM32G4xx_HAL_Driver/Inc/stm32g4xx_ll_ucpd.h:694:22:LL_UCPD_SetRpResistor	16	static
../../../../../../../Drivers/STM32G4xx_HAL_Driver/Inc/stm32g4xx_ll_ucpd.h:708:22:LL_UCPD_SetCCPin	16	static
../../../../../../../Drivers/STM32G4xx_HAL_Driver/Inc/stm32g4xx_ll_ucpd.h:719:22:LL_UCPD_RxEnable	16	static
../../../../../../../Drivers/STM32G4xx_HAL_Driver/Inc/stm32g4xx_ll_ucpd.h:730:22:LL_UCPD_RxDisable	16	static
../../../../../../../Drivers/STM32G4xx_HAL_Driver/Inc/stm32g4xx_ll_ucpd.h:744:22:LL_UCPD_SetRxMode	16	static
../../../../../../../Drivers/STM32G4xx_HAL_Driver/Inc/stm32g4xx_ll_ucpd.h:755:22:LL_UCPD_SendHardReset	16	static
../../../../../../../Drivers/STM32G4xx_HAL_Driver/Inc/stm32g4xx_ll_ucpd.h:766:22:LL_UCPD_SendMessage	16	static
../../../../../../../Drivers/STM32G4xx_HAL_Driver/Inc/stm32g4xx_ll_ucpd.h:781:22:LL_UCPD_SetTxMode	16	static
../../../../../../../Drivers/STM32G4xx_HAL_Driver/Inc/stm32g4xx_ll_ucpd.h:1650:22:LL_UCPD_RxDMAEnable	16	static
../../../../../../../Drivers/STM32G4xx_HAL_Driver/Inc/stm32g4xx_ll_ucpd.h:1661:22:LL_UCPD_RxDMADisable	16	static
../../../../../../../Drivers/STM32G4xx_HAL_Driver/Inc/stm32g4xx_ll_ucpd.h:1672:22:LL_UCPD_TxDMAEnable	16	static
../../../../../../../Drivers/STM32G4xx_HAL_Driver/Inc/stm32g4xx_ll_ucpd.h:1683:22:LL_UCPD_TxDMADisable	16	static
../../../../../../../Drivers/STM32G4xx_HAL_Driver/Inc/stm32g4xx_ll_ucpd.h:1732:22:LL_UCPD_WriteTxOrderSet	16	static
../../../../../../../Drivers/STM32G4xx_HAL_Driver/Inc/stm32g4xx_ll_ucpd.h:1744:22:LL_UCPD_WriteTxPaySize	16	static
C:/Users/prysi/Documents/STM32/x-cube-tcpp-main/Middlewares/ST/STM32_USBPD_Library/Devices/STM32G4XX/src/usbpd_phy_hw_if.c:47:6:USBPD_HW_IF_GlobalHwInit	8	static
C:/Users/prysi/Documents/STM32/x-cube-tcpp-main/Middlewares/ST/STM32_USBPD_Library/Devices/STM32G4XX/src/usbpd_phy_hw_if.c:55:6:USBPD_HW_IF_StopBISTMode2	24	static
C:/Users/prysi/Documents/STM32/x-cube-tcpp-main/Middlewares/ST/STM32_USBPD_Library/Devices/STM32G4XX/src/usbpd_phy_hw_if.c:65:21:USBPD_HW_IF_SendBuffer	48	static,ignoring_inline_asm
C:/Users/prysi/Documents/STM32/x-cube-tcpp-main/Middlewares/ST/STM32_USBPD_Library/Devices/STM32G4XX/src/usbpd_phy_hw_if.c:142:6:USBPD_HW_IF_Send_BIST_Pattern	16	static
C:/Users/prysi/Documents/STM32/x-cube-tcpp-main/Middlewares/ST/STM32_USBPD_Library/Devices/STM32G4XX/src/usbpd_phy_hw_if.c:149:6:USBPDM1_AssertRp	16	static
C:/Users/prysi/Documents/STM32/x-cube-tcpp-main/Middlewares/ST/STM32_USBPD_Library/Devices/STM32G4XX/src/usbpd_phy_hw_if.c:182:6:USBPDM1_DeAssertRp	16	static
C:/Users/prysi/Documents/STM32/x-cube-tcpp-main/Middlewares/ST/STM32_USBPD_Library/Devices/STM32G4XX/src/usbpd_phy_hw_if.c:188:6:USBPDM1_AssertRd	16	static
C:/Users/prysi/Documents/STM32/x-cube-tcpp-main/Middlewares/ST/STM32_USBPD_Library/Devices/STM32G4XX/src/usbpd_phy_hw_if.c:217:6:USBPDM1_DeAssertRd	16	static
C:/Users/prysi/Documents/STM32/x-cube-tcpp-main/Middlewares/ST/STM32_USBPD_Library/Devices/STM32G4XX/src/usbpd_phy_hw_if.c:223:6:USBPDM1_EnterErrorRecovery	16	static
C:/Users/prysi/Documents/STM32/x-cube-tcpp-main/Middlewares/ST/STM32_USBPD_Library/Devices/STM32G4XX/src/usbpd_phy_hw_if.c:238:6:USBPDM1_Set_CC	16	static
C:/Users/prysi/Documents/STM32/x-cube-tcpp-main/Middlewares/ST/STM32_USBPD_Library/Devices/STM32G4XX/src/usbpd_phy_hw_if.c:245:6:USBPDM1_RX_EnableInterrupt	16	static
C:/Users/prysi/Documents/STM32/x-cube-tcpp-main/Middlewares/ST/STM32_USBPD_Library/Devices/STM32G4XX/src/usbpd_phy_hw_if.c:254:6:USBPD_HW_IF_EnableRX	16	static
C:/Users/prysi/Documents/STM32/x-cube-tcpp-main/Middlewares/ST/STM32_USBPD_Library/Devices/STM32G4XX/src/usbpd_phy_hw_if.c:259:6:USBPD_HW_IF_DisableRX	16	static
C:/Users/prysi/Documents/STM32/x-cube-tcpp-main/Middlewares/ST/STM32_USBPD_Library/Devices/STM32G4XX/src/usbpd_phy_hw_if.c:264:6:HW_SignalAttachement	32	static
C:/Users/prysi/Documents/STM32/x-cube-tcpp-main/Middlewares/ST/STM32_USBPD_Library/Devices/STM32G4XX/src/usbpd_phy_hw_if.c:339:6:HW_SignalDetachment	16	static
C:/Users/prysi/Documents/STM32/x-cube-tcpp-main/Middlewares/ST/STM32_USBPD_Library/Devices/STM32G4XX/src/usbpd_phy_hw_if.c:389:6:USBPD_HW_IF_SetResistor_SinkTxNG	16	static
C:/Users/prysi/Documents/STM32/x-cube-tcpp-main/Middlewares/ST/STM32_USBPD_Library/Devices/STM32G4XX/src/usbpd_phy_hw_if.c:395:6:USBPD_HW_IF_SetResistor_SinkTxOK	16	static
C:/Users/prysi/Documents/STM32/x-cube-tcpp-main/Middlewares/ST/STM32_USBPD_Library/Devices/STM32G4XX/src/usbpd_phy_hw_if.c:401:9:USBPD_HW_IF_IsResistor_SinkTxOk	16	static
C:/Users/prysi/Documents/STM32/x-cube-tcpp-main/Middlewares/ST/STM32_USBPD_Library/Devices/STM32G4XX/src/usbpd_phy_hw_if.c:441:6:USBPD_HW_IF_FastRoleSwapSignalling	16	static
